Run folder: runs/2026-01-28/sweep-01
Target host: localhost:5201
Mode: udp
Targets: L=30G M=60G H=90G
Timing: DURATION=180 IDLE=60 ROUNDS=3
Checking Scaphandre exporter: http://localhost:8080/metrics
Checking iperf3 connectivity (quick handshake)...
Starting power capture -> runs/2026-01-28/sweep-01/power_uw.txt
Starting sweep -> runs/2026-01-28/sweep-01/markers.csv
Starting Week 3 Load Sweep Experiment...
Markers will be saved to runs/2026-01-28/sweep-01/markers.csv
Mode: udp
Target host: localhost:5201
Initial Idle (60 s)...
[2026-01-28T10:24:29Z] MARKER: Start_Initial_Idle
[2026-01-28T10:25:29Z] MARKER: Stop_Initial_Idle
=== Round 1 of 3 ===
Starting Load_L_Run1 (Target: 30G)...
[2026-01-28T10:25:29Z] MARKER: Start_Load_L_Run1
Finished Load_L_Run1
[2026-01-28T10:28:29Z] MARKER: Stop_Load_L_Run1
Cool-down (60 s)...
Starting Load_M_Run1 (Target: 60G)...
[2026-01-28T10:29:29Z] MARKER: Start_Load_M_Run1
Finished Load_M_Run1
[2026-01-28T10:32:29Z] MARKER: Stop_Load_M_Run1
Cool-down (60 s)...
Starting Load_H_Run1 (Target: 90G)...
[2026-01-28T10:33:29Z] MARKER: Start_Load_H_Run1
Finished Load_H_Run1
[2026-01-28T10:36:29Z] MARKER: Stop_Load_H_Run1
Cool-down (60 s)...
=== Round 2 of 3 ===
Starting Load_L_Run2 (Target: 30G)...
[2026-01-28T10:37:29Z] MARKER: Start_Load_L_Run2
Finished Load_L_Run2
[2026-01-28T10:40:29Z] MARKER: Stop_Load_L_Run2
Cool-down (60 s)...
Starting Load_M_Run2 (Target: 60G)...
[2026-01-28T10:41:29Z] MARKER: Start_Load_M_Run2
Finished Load_M_Run2
[2026-01-28T10:44:29Z] MARKER: Stop_Load_M_Run2
Cool-down (60 s)...
Starting Load_H_Run2 (Target: 90G)...
[2026-01-28T10:45:29Z] MARKER: Start_Load_H_Run2
Finished Load_H_Run2
[2026-01-28T10:48:29Z] MARKER: Stop_Load_H_Run2
Cool-down (60 s)...
=== Round 3 of 3 ===
Starting Load_L_Run3 (Target: 30G)...
[2026-01-28T10:49:29Z] MARKER: Start_Load_L_Run3
Finished Load_L_Run3
[2026-01-28T10:52:29Z] MARKER: Stop_Load_L_Run3
Cool-down (60 s)...
Starting Load_M_Run3 (Target: 60G)...
[2026-01-28T10:53:29Z] MARKER: Start_Load_M_Run3
Finished Load_M_Run3
[2026-01-28T10:56:29Z] MARKER: Stop_Load_M_Run3
Cool-down (60 s)...
Starting Load_H_Run3 (Target: 90G)...
[2026-01-28T10:57:29Z] MARKER: Start_Load_H_Run3
Finished Load_H_Run3
[2026-01-28T11:00:29Z] MARKER: Stop_Load_H_Run3
Cool-down (60 s)...
Experiment Complete.
Done. Captured inputs for Week 4 notebook in: runs/2026-01-28/sweep-01
Stopping power capture (pid=5805)
