[1/6] Checking VNF and PNF pods on O-Cloud cluster...
   > PNF Pod: oai-pnf-pegatron-74bdd64b67-tzdpl is Running & Ready
   > VNF Pod: oai-vnf-845f4b7c6f-ckjct is Running & Ready
[SUCCESS] Both VNF and PNF pods are Running and Ready!
   > Waiting 30s for O-Cloud gNB/RU path to settle before UE attach...
[2/6] Initializing SAMSUNG UE...
   > Ensuring UE is online and has obtained 10.45.x.x IP...
[SUCCESS] UE already online with IP: 10.45.0.3 (preserve-UE mode)
[3/6] Starting iperf3 server locally on ogstun (10.45.0.1)...
[4/6] Starting Downlink iperf test via full UE driver (bandwidths=600 Mbps, period=600s, gap=30s)...
[UE] Stopping iperf client on device R5CN30TMBYR...
[UE] Starting iperf client via run_iperf.bat (bandwidths: 600, uplink=False)
[UE IPERF] Starting iperf3 automated test (Target device: R5CN30TMBYR)...
[UE IPERF] Bandwidth list:  600
[UE IPERF] Period list:     600
[UE IPERF] Gap time list:   30
[UE IPERF] Reverse flag:    -R
[UE IPERF] 
[UE IPERF] ======================================
[UE IPERF] Testing bandwidth: 600M, Period: 600s, Gap: 30s
[UE IPERF] ======================================
[UE IPERF] [ERROR] iperf3 adb command failed with errorlevel 1
[INFO] UE iperf execution completed.

--- Local iperf3 Server Output ---
-----------------------------------------------------------
Server listening on 5201
-----------------------------------------------------------
Accepted connection from 10.45.0.3, port 32774
[  5] local 10.45.0.1 port 5201 connected to 10.45.0.3 port 54290
[ ID] Interval           Transfer     Bitrate         Total Datagrams
[  5]   0.00-1.00   sec  71.5 MBytes   600 Mbits/sec  55597  
[  5]   1.00-2.00   sec  71.5 MBytes   600 Mbits/sec  55638  
[  5]   2.00-3.00   sec  71.5 MBytes   600 Mbits/sec  55638  
[  5]   3.00-4.00   sec  71.5 MBytes   600 Mbits/sec  55637  
[  5]   4.00-5.00   sec  71.5 MBytes   600 Mbits/sec  55639  
[  5]   5.00-6.00   sec  71.5 MBytes   600 Mbits/sec  55637  
[  5]   6.00-7.00   sec  71.5 MBytes   600 Mbits/sec  55638  
[  5]   7.00-8.00   sec  71.5 MBytes   600 Mbits/sec  55638  
[  5]   8.00-9.00   sec  71.5 MBytes   600 Mbits/sec  55640  
[  5]   9.00-10.00  sec  71.5 MBytes   600 Mbits/sec  55636  
[  5]  10.00-11.00  sec  71.5 MBytes   600 Mbits/sec  55638  
[  5]  11.00-12.00  sec  71.5 MBytes   600 Mbits/sec  55639  
[  5]  12.00-13.00  sec  71.5 MBytes   600 Mbits/sec  55637  
[  5]  13.00-14.00  sec  71.5 MBytes   600 Mbits/sec  55638  
[  5]  14.00-15.00  sec  71.5 MBytes   600 Mbits/sec  55638  
[  5]  15.00-16.00  sec  71.5 MBytes   600 Mbits/sec  55638  
[  5]  16.00-17.00  sec  71.5 MBytes   600 Mbits/sec  55638  
[  5]  17.00-18.00  sec  71.5 MBytes   600 Mbits/sec  55638  
[  5]  18.00-19.00  sec  71.5 MBytes   600 Mbits/sec  55638  
[  5]  19.00-20.00  sec  71.5 MBytes   600 Mbits/sec  55638  
[  5]  20.00-21.00  sec  71.5 MBytes   600 Mbits/sec  55638  
[  5]  21.00-22.00  sec  71.5 MBytes   600 Mbits/sec  55638  
[  5]  22.00-23.00  sec  71.5 MBytes   600 Mbits/sec  55638  
[  5]  23.00-24.00  sec  71.5 MBytes   600 Mbits/sec  55638  
[  5]  24.00-25.00  sec  71.5 MBytes   600 Mbits/sec  55638  
[  5]  25.00-26.00  sec  71.5 MBytes   600 Mbits/sec  55638  
[  5]  26.00-27.00  sec  71.5 MBytes   600 Mbits/sec  55638  
[  5]  27.00-28.00  sec  71.5 MBytes   600 Mbits/sec  55638  
[  5]  28.00-29.00  sec  71.5 MBytes   600 Mbits/sec  55638  
[  5]  29.00-30.00  sec  71.5 MBytes   600 Mbits/sec  55638  
[  5]  30.00-31.00  sec  71.5 MBytes   600 Mbits/sec  55638  
[  5]  31.00-32.00  sec  71.5 MBytes   600 Mbits/sec  55638  
[  5]  32.00-33.00  sec  71.5 MBytes   600 Mbits/sec  55638  
[  5]  33.00-34.00  sec  71.5 MBytes   600 Mbits/sec  55638  
[  5]  34.00-35.00  sec  71.5 MBytes   600 Mbits/sec  55638  
[  5]  35.00-36.00  sec  71.5 MBytes   600 Mbits/sec  55638  
[  5]  36.00-37.00  sec  71.5 MBytes   600 Mbits/sec  55638  
[  5]  37.00-38.00  sec  71.5 MBytes   600 Mbits/sec  55638  
[  5]  38.00-39.00  sec  71.5 MBytes   600 Mbits/sec  55638  
[  5]  39.00-40.00  sec  71.5 MBytes   600 Mbits/sec  55638  
[  5]  40.00-41.00  sec  71.5 MBytes   600 Mbits/sec  55638  
[  5]  41.00-42.00  sec  71.5 MBytes   600 Mbits/sec  55638  
[  5]  42.00-43.00  sec  71.5 MBytes   600 Mbits/sec  55638  
[  5]  43.00-44.00  sec  71.5 MBytes   600 Mbits/sec  55637  
[  5]  44.00-45.00  sec  71.5 MBytes   600 Mbits/sec  55639  
[  5]  45.00-46.00  sec  71.5 MBytes   600 Mbits/sec  55638  
[  5]  46.00-47.00  sec  71.5 MBytes   600 Mbits/sec  55638  
[  5]  47.00-48.00  sec  71.5 MBytes   600 Mbits/sec  55638  
[  5]  48.00-49.00  sec  71.5 MBytes   600 Mbits/sec  55638  
[  5]  49.00-50.00  sec  71.5 MBytes   600 Mbits/sec  55638  
[  5]  50.00-51.00  sec  71.5 MBytes   600 Mbits/sec  55638  
[  5]  51.00-52.00  sec  71.5 MBytes   600 Mbits/sec  55638  
[  5]  52.00-53.00  sec  71.5 MBytes   600 Mbits/sec  55638  
[  5]  53.00-54.00  sec  71.5 MBytes   600 Mbits/sec  55638  
[  5]  54.00-55.00  sec  71.5 MBytes   600 Mbits/sec  55638  
[  5]  55.00-56.00  sec  71.5 MBytes   600 Mbits/sec  55637  
[  5]  56.00-57.00  sec  71.5 MBytes   600 Mbits/sec  55639  
[  5]  57.00-58.00  sec  71.5 MBytes   600 Mbits/sec  55638  
[  5]  58.00-59.00  sec  71.5 MBytes   600 Mbits/sec  55638  
[  5]  59.00-60.00  sec  71.5 MBytes   600 Mbits/sec  55637  
[  5]  60.00-61.00  sec  71.5 MBytes   600 Mbits/sec  55642  
[  5]  61.00-62.00  sec  71.5 MBytes   600 Mbits/sec  55638  
[  5]  62.00-63.00  sec  71.5 MBytes   600 Mbits/sec  55634  
[  5]  63.00-64.00  sec  71.5 MBytes   600 Mbits/sec  55641  
[  5]  64.00-65.00  sec  71.5 MBytes   600 Mbits/sec  55635  
[  5]  65.00-66.00  sec  71.5 MBytes   600 Mbits/sec  55638  
[  5]  66.00-67.00  sec  71.5 MBytes   600 Mbits/sec  55641  
[  5]  67.00-68.00  sec  71.5 MBytes   600 Mbits/sec  55636  
[  5]  68.00-69.00  sec  71.5 MBytes   600 Mbits/sec  55637  
[  5]  69.00-70.00  sec  71.5 MBytes   600 Mbits/sec  55638  
[  5]  70.00-71.00  sec  71.5 MBytes   600 Mbits/sec  55638  
[  5]  71.00-72.00  sec  71.5 MBytes   600 Mbits/sec  55638  
[  5]  72.00-73.00  sec  71.5 MBytes   600 Mbits/sec  55638  
[  5]  73.00-74.00  sec  71.5 MBytes   600 Mbits/sec  55638  
[  5]  74.00-75.00  sec  71.5 MBytes   600 Mbits/sec  55638  
[  5]  75.00-76.00  sec  71.5 MBytes   600 Mbits/sec  55638  
[  5]  76.00-77.00  sec  71.5 MBytes   600 Mbits/sec  55638  
[  5]  77.00-78.00  sec  71.5 MBytes   600 Mbits/sec  55638  
[  5]  78.00-79.00  sec  71.5 MBytes   600 Mbits/sec  55638  
[  5]  79.00-80.00  sec  71.5 MBytes   600 Mbits/sec  55638  
[  5]  80.00-81.00  sec  71.5 MBytes   600 Mbits/sec  55638  
[  5]  81.00-82.00  sec  71.5 MBytes   600 Mbits/sec  55638  
[  5]  82.00-83.00  sec  71.5 MBytes   600 Mbits/sec  55638  
[  5]  83.00-84.00  sec  71.5 MBytes   600 Mbits/sec  55638  
[  5]  84.00-85.00  sec  71.5 MBytes   600 Mbits/sec  55638  
[  5]  85.00-86.00  sec  71.5 MBytes   600 Mbits/sec  55638  
[  5]  86.00-87.00  sec  71.5 MBytes   600 Mbits/sec  55638  
[  5]  87.00-88.00  sec  71.5 MBytes   600 Mbits/sec  55638  
[  5]  88.00-89.00  sec  71.5 MBytes   600 Mbits/sec  55638  
[  5]  89.00-90.00  sec  71.5 MBytes   600 Mbits/sec  55638  
[  5]  90.00-91.00  sec  71.5 MBytes   600 Mbits/sec  55638  
[  5]  91.00-92.00  sec  71.5 MBytes   600 Mbits/sec  55638  
[  5]  92.00-93.00  sec  71.5 MBytes   600 Mbits/sec  55638  
[  5]  93.00-94.00  sec  71.5 MBytes   600 Mbits/sec  55638  
[  5]  94.00-95.00  sec  71.5 MBytes   600 Mbits/sec  55638  
[  5]  95.00-96.00  sec  71.5 MBytes   600 Mbits/sec  55638  
[  5]  96.00-97.00  sec  71.5 MBytes   600 Mbits/sec  55638  
[  5]  97.00-98.00  sec  71.5 MBytes   600 Mbits/sec  55641  
[  5]  98.00-99.00  sec  71.5 MBytes   600 Mbits/sec  55638  
[  5]  99.00-100.00 sec  71.5 MBytes   600 Mbits/sec  55638  
[  5] 100.00-101.00 sec  71.5 MBytes   600 Mbits/sec  55638  
[  5] 101.00-102.00 sec  71.5 MBytes   600 Mbits/sec  55638  
[  5] 102.00-103.00 sec  71.5 MBytes   600 Mbits/sec  55638  
[  5] 103.00-104.00 sec  71.5 MBytes   600 Mbits/sec  55635  
[  5] 104.00-105.00 sec  71.5 MBytes   600 Mbits/sec  55638  
[  5] 105.00-106.00 sec  71.5 MBytes   600 Mbits/sec  55638  
[  5] 106.00-107.00 sec  71.5 MBytes   600 Mbits/sec  55641  
[  5] 107.00-108.00 sec  71.5 MBytes   600 Mbits/sec  55635  
[  5] 108.00-109.00 sec  71.5 MBytes   600 Mbits/sec  55637  
[  5] 109.00-110.00 sec  71.5 MBytes   600 Mbits/sec  55641  
[  5] 110.00-111.00 sec  71.5 MBytes   600 Mbits/sec  55639  
[  5] 111.00-112.00 sec  71.5 MBytes   600 Mbits/sec  55637  
[  5] 112.00-113.00 sec  71.5 MBytes   600 Mbits/sec  55635  
[  5] 113.00-114.00 sec  71.5 MBytes   600 Mbits/sec  55638  
[  5] 114.00-115.00 sec  71.5 MBytes   600 Mbits/sec  55638  
[  5] 115.00-116.00 sec  71.5 MBytes   600 Mbits/sec  55639  
[  5] 116.00-117.00 sec  71.5 MBytes   600 Mbits/sec  55638  
[  5] 117.00-118.00 sec  71.5 MBytes   600 Mbits/sec  55638  
[  5] 118.00-119.00 sec  71.5 MBytes   600 Mbits/sec  55637  
[  5] 119.00-120.00 sec  71.5 MBytes   600 Mbits/sec  55638  
[  5] 120.00-121.00 sec  71.5 MBytes   600 Mbits/sec  55638  
[  5] 121.00-122.00 sec  71.5 MBytes   600 Mbits/sec  55638  
[  5] 122.00-123.00 sec  71.5 MBytes   600 Mbits/sec  55638  
[  5] 123.00-124.00 sec  71.5 MBytes   600 Mbits/sec  55638  
[  5] 124.00-125.00 sec  71.5 MBytes   600 Mbits/sec  55638  
[  5] 125.00-126.00 sec  71.5 MBytes   600 Mbits/sec  55638  
[  5] 126.00-127.00 sec  71.5 MBytes   600 Mbits/sec  55638  
[  5] 127.00-128.00 sec  71.5 MBytes   600 Mbits/sec  55638  
[  5] 128.00-129.00 sec  71.5 MBytes   600 Mbits/sec  55638  
[  5] 129.00-130.00 sec  71.5 MBytes   600 Mbits/sec  55638  
[  5] 130.00-131.00 sec  71.5 MBytes   600 Mbits/sec  55638  
[  5] 131.00-132.00 sec  71.5 MBytes   600 Mbits/sec  55638  
[  5] 132.00-133.00 sec  71.5 MBytes   600 Mbits/sec  55638  
[  5] 133.00-134.00 sec  71.5 MBytes   600 Mbits/sec  55638  
[  5] 134.00-135.00 sec  71.5 MBytes   600 Mbits/sec  55638  
[  5] 135.00-136.00 sec  71.5 MBytes   600 Mbits/sec  55638  
[  5] 136.00-137.00 sec  71.5 MBytes   600 Mbits/sec  55638  
[  5] 137.00-138.00 sec  71.5 MBytes   600 Mbits/sec  55638  
[  5] 138.00-139.00 sec  71.5 MBytes   600 Mbits/sec  55641  
[  5] 139.00-140.00 sec  71.5 MBytes   600 Mbits/sec  55638  
[  5] 140.00-141.00 sec  71.5 MBytes   600 Mbits/sec  55638  
[  5] 141.00-142.00 sec  71.5 MBytes   600 Mbits/sec  55638  
[  5] 142.00-143.00 sec  71.5 MBytes   600 Mbits/sec  55638  
[  5] 143.00-144.00 sec  71.5 MBytes   600 Mbits/sec  55638  
[  5] 144.00-145.00 sec  71.5 MBytes   600 Mbits/sec  55638  
[  5] 145.00-146.00 sec  71.5 MBytes   600 Mbits/sec  55638  
[  5] 146.00-147.00 sec  71.5 MBytes   600 Mbits/sec  55635  
[  5] 147.00-148.00 sec  71.5 MBytes   600 Mbits/sec  55641  
[  5] 148.00-149.00 sec  71.5 MBytes   600 Mbits/sec  55638  
[  5] 149.00-150.00 sec  71.5 MBytes   600 Mbits/sec  55638  
[  5] 150.00-151.00 sec  71.5 MBytes   600 Mbits/sec  55638  
[  5] 151.00-152.00 sec  71.5 MBytes   600 Mbits/sec  55638  
[  5] 152.00-153.00 sec  71.5 MBytes   600 Mbits/sec  55635  
[  5] 153.00-154.00 sec  71.5 MBytes   600 Mbits/sec  55638  
[  5] 154.00-155.00 sec  71.5 MBytes   600 Mbits/sec  55638  
[  5] 155.00-156.00 sec  71.5 MBytes   600 Mbits/sec  55638  
[  5] 156.00-157.00 sec  71.5 MBytes   600 Mbits/sec  55638  
[  5] 157.00-158.00 sec  71.5 MBytes   600 Mbits/sec  55638  
[  5] 158.00-159.00 sec  71.5 MBytes   600 Mbits/sec  55638  
[  5] 159.00-160.00 sec  71.5 MBytes   600 Mbits/sec  55638  
[  5] 160.00-161.00 sec  71.5 MBytes   600 Mbits/sec  55638  
[  5] 161.00-162.00 sec  71.5 MBytes   600 Mbits/sec  55643  
[  5] 162.00-163.00 sec  71.5 MBytes   600 Mbits/sec  55633  
[  5] 163.00-164.00 sec  71.5 MBytes   600 Mbits/sec  55638  
[  5] 164.00-165.00 sec  71.5 MBytes   600 Mbits/sec  55638  
[  5] 165.00-166.00 sec  71.5 MBytes   600 Mbits/sec  55638  
[  5] 166.00-167.00 sec  71.5 MBytes   600 Mbits/sec  55638  
[  5] 167.00-168.00 sec  71.5 MBytes   600 Mbits/sec  55637  
[  5] 168.00-169.00 sec  71.5 MBytes   600 Mbits/sec  55638  
[  5] 169.00-170.00 sec  71.5 MBytes   600 Mbits/sec  55638  
[  5] 170.00-171.00 sec  71.5 MBytes   600 Mbits/sec  55639  
[  5] 171.00-172.00 sec  71.5 MBytes   600 Mbits/sec  55638  
[  5] 172.00-173.00 sec  71.5 MBytes   600 Mbits/sec  55638  
[  5] 173.00-174.00 sec  71.5 MBytes   600 Mbits/sec  55638  
[  5] 174.00-175.00 sec  71.5 MBytes   600 Mbits/sec  55637  
[  5] 175.00-176.00 sec  71.5 MBytes   600 Mbits/sec  55638  
[  5] 176.00-177.00 sec  71.5 MBytes   600 Mbits/sec  55638  
[  5] 177.00-178.00 sec  71.5 MBytes   600 Mbits/sec  55638  
[  5] 178.00-179.00 sec  71.5 MBytes   600 Mbits/sec  55639  
[  5] 179.00-180.00 sec  71.5 MBytes   600 Mbits/sec  55637  
[  5] 180.00-181.00 sec  71.5 MBytes   600 Mbits/sec  55638  
[  5] 181.00-182.00 sec  71.5 MBytes   600 Mbits/sec  55638  
[  5] 182.00-183.00 sec  71.5 MBytes   600 Mbits/sec  55638  
[  5] 183.00-184.00 sec  71.5 MBytes   600 Mbits/sec  55638  
[  5] 184.00-185.00 sec  71.5 MBytes   600 Mbits/sec  55638  
[  5] 185.00-186.00 sec  71.5 MBytes   600 Mbits/sec  55638  
[  5] 186.00-187.00 sec  71.5 MBytes   600 Mbits/sec  55638  
[  5] 187.00-188.00 sec  71.5 MBytes   600 Mbits/sec  55638  
[  5] 188.00-189.00 sec  71.5 MBytes   600 Mbits/sec  55638  
[  5] 189.00-190.00 sec  71.5 MBytes   600 Mbits/sec  55638  
[  5] 190.00-191.00 sec  71.5 MBytes   600 Mbits/sec  55638  
[  5] 191.00-192.00 sec  71.5 MBytes   600 Mbits/sec  55638  
[  5] 192.00-193.00 sec  71.5 MBytes   600 Mbits/sec  55641  
[  5] 193.00-194.00 sec  71.5 MBytes   600 Mbits/sec  55635  
[  5] 194.00-195.00 sec  71.5 MBytes   600 Mbits/sec  55638  
[  5] 195.00-196.00 sec  71.5 MBytes   600 Mbits/sec  55638  
[  5] 196.00-197.00 sec  71.5 MBytes   600 Mbits/sec  55638  
[  5] 197.00-198.00 sec  71.5 MBytes   600 Mbits/sec  55638  
[  5] 198.00-199.00 sec  71.5 MBytes   600 Mbits/sec  55638  
[  5] 199.00-200.00 sec  71.5 MBytes   600 Mbits/sec  55638  
[  5] 200.00-201.00 sec  71.5 MBytes   600 Mbits/sec  55638  
[  5] 201.00-202.00 sec  71.5 MBytes   600 Mbits/sec  55638  
[  5] 202.00-203.00 sec  71.5 MBytes   600 Mbits/sec  55638  
[  5] 203.00-204.00 sec  71.5 MBytes   600 Mbits/sec  55638  
[  5] 204.00-205.00 sec  71.5 MBytes   600 Mbits/sec  55638  
[  5] 205.00-206.00 sec  71.5 MBytes   600 Mbits/sec  55638  
[  5] 206.00-207.00 sec  71.5 MBytes   600 Mbits/sec  55638  
[  5] 207.00-208.00 sec  71.5 MBytes   600 Mbits/sec  55638  
[  5] 208.00-209.00 sec  71.5 MBytes   600 Mbits/sec  55638  
[  5] 209.00-210.00 sec  71.5 MBytes   600 Mbits/sec  55641  
[  5] 210.00-211.00 sec  71.5 MBytes   600 Mbits/sec  55635  
[  5] 211.00-212.00 sec  71.5 MBytes   600 Mbits/sec  55641  
[  5] 212.00-213.00 sec  71.5 MBytes   600 Mbits/sec  55635  
[  5] 213.00-214.00 sec  71.5 MBytes   600 Mbits/sec  55641  
[  5] 214.00-215.00 sec  71.5 MBytes   600 Mbits/sec  55634  
[  5] 215.00-216.00 sec  71.5 MBytes   600 Mbits/sec  55639  
[  5] 216.00-217.00 sec  71.5 MBytes   600 Mbits/sec  55638  
[  5] 217.00-218.00 sec  71.5 MBytes   600 Mbits/sec  55638  
[  5] 218.00-219.00 sec  71.5 MBytes   600 Mbits/sec  55638  
[  5] 219.00-220.00 sec  71.5 MBytes   600 Mbits/sec  55641  
[  5] 220.00-221.00 sec  71.5 MBytes   600 Mbits/sec  55635  
[  5] 221.00-222.00 sec  71.5 MBytes   600 Mbits/sec  55641  
[  5] 222.00-223.00 sec  71.5 MBytes   600 Mbits/sec  55635  
[  5] 223.00-224.00 sec  71.5 MBytes   600 Mbits/sec  55638  
[  5] 224.00-225.00 sec  71.5 MBytes   600 Mbits/sec  55638  
[  5] 225.00-226.00 sec  71.5 MBytes   600 Mbits/sec  55637  
[  5] 226.00-227.00 sec  71.5 MBytes   600 Mbits/sec  55638  
[  5] 227.00-228.00 sec  71.5 MBytes   600 Mbits/sec  55638  
[  5] 228.00-229.00 sec  71.5 MBytes   600 Mbits/sec  55638  
[  5] 229.00-230.00 sec  71.5 MBytes   600 Mbits/sec  55639  
[  5] 230.00-231.00 sec  71.5 MBytes   600 Mbits/sec  55637  
[  5] 231.00-232.00 sec  71.5 MBytes   600 Mbits/sec  55639  
[  5] 232.00-233.00 sec  71.5 MBytes   600 Mbits/sec  55637  
[  5] 233.00-234.00 sec  71.5 MBytes   600 Mbits/sec  55638  
[  5] 234.00-235.00 sec  71.5 MBytes   600 Mbits/sec  55639  
[  5] 235.00-236.00 sec  71.5 MBytes   600 Mbits/sec  55637  
[  5] 236.00-237.00 sec  71.5 MBytes   600 Mbits/sec  55641  
[  5] 237.00-238.00 sec  71.5 MBytes   600 Mbits/sec  55635  
[  5] 238.00-239.00 sec  71.5 MBytes   600 Mbits/sec  55638  
[  5] 239.00-240.00 sec  71.5 MBytes   600 Mbits/sec  55641  
[  5] 240.00-241.00 sec  71.5 MBytes   600 Mbits/sec  55638  
[  5] 241.00-242.00 sec  71.5 MBytes   600 Mbits/sec  55638  
[  5] 242.00-243.00 sec  71.5 MBytes   600 Mbits/sec  55638  
[  5] 243.00-244.00 sec  71.5 MBytes   600 Mbits/sec  55638  
[  5] 244.00-245.00 sec  71.5 MBytes   600 Mbits/sec  55638  
[  5] 245.00-246.00 sec  71.5 MBytes   600 Mbits/sec  55635  
[  5] 246.00-247.00 sec  71.5 MBytes   600 Mbits/sec  55638  
[  5] 247.00-248.00 sec  71.5 MBytes   600 Mbits/sec  55638  
[  5] 248.00-249.00 sec  71.5 MBytes   600 Mbits/sec  55638  
[  5] 249.00-250.00 sec  71.5 MBytes   600 Mbits/sec  55638  
[  5] 250.00-251.00 sec  71.5 MBytes   600 Mbits/sec  55638  
[  5] 251.00-252.00 sec  71.5 MBytes   600 Mbits/sec  55638  
[  5] 252.00-253.00 sec  71.5 MBytes   600 Mbits/sec  55638  
[  5] 253.00-254.00 sec  71.5 MBytes   600 Mbits/sec  55638  
[  5] 254.00-255.00 sec  71.5 MBytes   600 Mbits/sec  55638  
[  5] 255.00-256.00 sec  71.5 MBytes   600 Mbits/sec  55638  
[  5] 256.00-257.00 sec  71.5 MBytes   600 Mbits/sec  55638  
[  5] 257.00-258.00 sec  71.5 MBytes   600 Mbits/sec  55638  
[  5] 258.00-259.00 sec  71.5 MBytes   600 Mbits/sec  55638  
[  5] 259.00-260.00 sec  71.5 MBytes   600 Mbits/sec  55638  
[  5] 260.00-261.00 sec  71.5 MBytes   600 Mbits/sec  55638  
[  5] 261.00-262.00 sec  71.5 MBytes   600 Mbits/sec  55638  
[  5] 262.00-263.00 sec  71.5 MBytes   600 Mbits/sec  55638  
[  5] 263.00-264.00 sec  71.5 MBytes   600 Mbits/sec  55638  
[  5] 264.00-265.00 sec  71.5 MBytes   600 Mbits/sec  55638  
[  5] 265.00-266.00 sec  71.5 MBytes   600 Mbits/sec  55638  
[  5] 266.00-267.00 sec  71.5 MBytes   600 Mbits/sec  55638  
[  5] 267.00-268.00 sec  71.5 MBytes   600 Mbits/sec  55638  
[  5] 268.00-269.00 sec  71.5 MBytes   600 Mbits/sec  55638  
[  5] 269.00-270.00 sec  71.5 MBytes   600 Mbits/sec  55638  
[  5] 270.00-271.00 sec  71.5 MBytes   600 Mbits/sec  55638  
[  5] 271.00-272.00 sec  71.5 MBytes   600 Mbits/sec  55638  
[  5] 272.00-273.00 sec  71.5 MBytes   600 Mbits/sec  55638  
[  5] 273.00-274.00 sec  71.5 MBytes   600 Mbits/sec  55638  
[  5] 274.00-275.00 sec  71.5 MBytes   600 Mbits/sec  55638  
[  5] 275.00-276.00 sec  71.5 MBytes   600 Mbits/sec  55637  
[  5] 276.00-277.00 sec  71.5 MBytes   600 Mbits/sec  55639  
[  5] 277.00-278.00 sec  71.5 MBytes   600 Mbits/sec  55638  
[  5] 278.00-279.00 sec  71.5 MBytes   600 Mbits/sec  55638  
[  5] 279.00-280.00 sec  71.5 MBytes   600 Mbits/sec  55638  
[  5] 280.00-281.00 sec  71.5 MBytes   600 Mbits/sec  55638  
[  5] 281.00-282.00 sec  71.5 MBytes   600 Mbits/sec  55638  
[  5] 282.00-283.00 sec  71.5 MBytes   600 Mbits/sec  55638  
[  5] 283.00-284.00 sec  71.5 MBytes   600 Mbits/sec  55638  
[  5] 284.00-285.00 sec  71.5 MBytes   600 Mbits/sec  55638  
[  5] 285.00-286.00 sec  71.5 MBytes   600 Mbits/sec  55638  
[  5] 286.00-287.00 sec  71.5 MBytes   600 Mbits/sec  55638  
[  5] 287.00-288.00 sec  71.5 MBytes   600 Mbits/sec  55639  
[  5] 288.00-289.00 sec  71.5 MBytes   600 Mbits/sec  55637  
[  5] 289.00-290.00 sec  71.5 MBytes   600 Mbits/sec  55638  
[  5] 290.00-291.00 sec  71.5 MBytes   600 Mbits/sec  55637  
[  5] 291.00-292.00 sec  71.5 MBytes   600 Mbits/sec  55638  
[  5] 292.00-293.00 sec  71.5 MBytes   600 Mbits/sec  55638  
[  5] 293.00-294.00 sec  71.5 MBytes   600 Mbits/sec  55638  
[  5] 294.00-295.00 sec  71.5 MBytes   600 Mbits/sec  55638  
[  5] 295.00-296.00 sec  71.5 MBytes   600 Mbits/sec  55638  
[  5] 296.00-297.00 sec  71.5 MBytes   600 Mbits/sec  55638  
[  5] 297.00-298.00 sec  71.5 MBytes   600 Mbits/sec  55638  
[  5] 298.00-299.00 sec  71.5 MBytes   600 Mbits/sec  55638  
[  5] 299.00-300.00 sec  71.5 MBytes   600 Mbits/sec  55638  
[  5] 300.00-301.00 sec  71.5 MBytes   600 Mbits/sec  55638  
[  5] 301.00-302.00 sec  71.5 MBytes   600 Mbits/sec  55638  
[  5] 302.00-303.00 sec  71.5 MBytes   600 Mbits/sec  55638  
[  5] 303.00-304.00 sec  71.5 MBytes   600 Mbits/sec  55638  
[  5] 304.00-305.00 sec  71.5 MBytes   600 Mbits/sec  55638  
[  5] 305.00-306.00 sec  71.5 MBytes   600 Mbits/sec  55638  
[  5] 306.00-307.00 sec  71.5 MBytes   600 Mbits/sec  55638  
[  5] 307.00-308.00 sec  71.5 MBytes   600 Mbits/sec  55638  
[  5] 308.00-309.00 sec  71.5 MBytes   600 Mbits/sec  55638  
[  5] 309.00-310.00 sec  71.5 MBytes   600 Mbits/sec  55638  
[  5] 310.00-311.00 sec  71.5 MBytes   600 Mbits/sec  55638  
[  5] 311.00-312.00 sec  71.5 MBytes   600 Mbits/sec  55638  
[  5] 312.00-313.00 sec  71.5 MBytes   600 Mbits/sec  55638  
[  5] 313.00-314.00 sec  71.5 MBytes   600 Mbits/sec  55638  
[  5] 314.00-315.00 sec  71.5 MBytes   600 Mbits/sec  55638  
[  5] 315.00-316.00 sec  71.5 MBytes   600 Mbits/sec  55638  
[  5] 316.00-317.00 sec  71.5 MBytes   600 Mbits/sec  55638  
[  5] 317.00-318.00 sec  71.5 MBytes   600 Mbits/sec  55638  
[  5] 318.00-319.00 sec  71.5 MBytes   600 Mbits/sec  55638  
[  5] 319.00-320.00 sec  71.5 MBytes   600 Mbits/sec  55638  
[  5] 320.00-321.00 sec  71.5 MBytes   600 Mbits/sec  55638  
[  5] 321.00-322.00 sec  71.5 MBytes   600 Mbits/sec  55638  
[  5] 322.00-323.00 sec  71.5 MBytes   600 Mbits/sec  55638  
[  5] 323.00-324.00 sec  71.5 MBytes   600 Mbits/sec  55638  
[  5] 324.00-325.00 sec  71.5 MBytes   600 Mbits/sec  55638  
[  5] 325.00-326.00 sec  71.5 MBytes   600 Mbits/sec  55638  
[  5] 326.00-327.00 sec  71.5 MBytes   600 Mbits/sec  55638  
[  5] 327.00-328.00 sec  71.5 MBytes   600 Mbits/sec  55638  
[  5] 328.00-329.00 sec  71.5 MBytes   600 Mbits/sec  55638  
[  5] 329.00-330.00 sec  71.5 MBytes   600 Mbits/sec  55638  
[  5] 330.00-331.00 sec  71.5 MBytes   600 Mbits/sec  55638  
[  5] 331.00-332.00 sec  71.5 MBytes   600 Mbits/sec  55638  
[  5] 332.00-333.00 sec  71.5 MBytes   600 Mbits/sec  55638  
[  5] 333.00-334.00 sec  71.5 MBytes   600 Mbits/sec  55638  
[  5] 334.00-335.00 sec  71.5 MBytes   600 Mbits/sec  55637  
[  5] 335.00-336.00 sec  71.5 MBytes   600 Mbits/sec  55638  
[  5] 336.00-337.00 sec  71.5 MBytes   600 Mbits/sec  55641  
[  5] 337.00-338.00 sec  71.5 MBytes   600 Mbits/sec  55638  
[  5] 338.00-339.00 sec  71.5 MBytes   600 Mbits/sec  55638  
[  5] 339.00-340.00 sec  71.5 MBytes   600 Mbits/sec  55638  
[  5] 340.00-341.00 sec  71.5 MBytes   600 Mbits/sec  55635  
[  5] 341.00-342.00 sec  71.5 MBytes   600 Mbits/sec  55638  
[  5] 342.00-343.00 sec  71.5 MBytes   600 Mbits/sec  55638  
[  5] 343.00-344.00 sec  71.5 MBytes   600 Mbits/sec  55638  
[  5] 344.00-345.00 sec  71.5 MBytes   600 Mbits/sec  55638  
[  5] 345.00-346.00 sec  71.5 MBytes   600 Mbits/sec  55638  
[  5] 346.00-347.00 sec  71.5 MBytes   600 Mbits/sec  55638  
[  5] 347.00-348.00 sec  71.5 MBytes   600 Mbits/sec  55639  
[  5] 348.00-349.00 sec  71.5 MBytes   600 Mbits/sec  55637  
[  5] 349.00-350.00 sec  71.5 MBytes   600 Mbits/sec  55638  
[  5] 350.00-351.00 sec  71.5 MBytes   600 Mbits/sec  55638  
[  5] 351.00-352.00 sec  71.5 MBytes   600 Mbits/sec  55639  
[  5] 352.00-353.00 sec  71.5 MBytes   600 Mbits/sec  55637  
[  5] 353.00-354.00 sec  71.5 MBytes   600 Mbits/sec  55639  
[  5] 354.00-355.00 sec  71.5 MBytes   600 Mbits/sec  55637  
[  5] 355.00-356.00 sec  71.5 MBytes   600 Mbits/sec  55638  
[  5] 356.00-357.00 sec  71.5 MBytes   600 Mbits/sec  55638  
[  5] 357.00-358.00 sec  71.5 MBytes   600 Mbits/sec  55638  
[  5] 358.00-359.00 sec  71.5 MBytes   600 Mbits/sec  55638  
[  5] 359.00-360.00 sec  71.5 MBytes   600 Mbits/sec  55641  
[  5] 360.00-361.00 sec  71.5 MBytes   600 Mbits/sec  55638  
[  5] 361.00-362.00 sec  71.5 MBytes   600 Mbits/sec  55635  
[  5] 362.00-363.00 sec  71.5 MBytes   600 Mbits/sec  55638  
[  5] 363.00-364.00 sec  71.5 MBytes   600 Mbits/sec  55638  
[  5] 364.00-365.00 sec  71.5 MBytes   600 Mbits/sec  55638  
[  5] 365.00-366.00 sec  71.5 MBytes   600 Mbits/sec  55638  
[  5] 366.00-367.00 sec  71.5 MBytes   600 Mbits/sec  55638  
[  5] 367.00-368.00 sec  71.5 MBytes   600 Mbits/sec  55638  
[  5] 368.00-369.00 sec  71.5 MBytes   600 Mbits/sec  55638  
[  5] 369.00-370.00 sec  71.5 MBytes   600 Mbits/sec  55638  
[  5] 370.00-371.00 sec  71.5 MBytes   600 Mbits/sec  55638  
[  5] 371.00-372.00 sec  71.5 MBytes   600 Mbits/sec  55638  
[  5] 372.00-373.00 sec  71.5 MBytes   600 Mbits/sec  55638  
[  5] 373.00-374.00 sec  71.5 MBytes   600 Mbits/sec  55638  
[  5] 374.00-375.00 sec  71.5 MBytes   600 Mbits/sec  55638  
[  5] 375.00-376.00 sec  71.5 MBytes   600 Mbits/sec  55638  
[  5] 376.00-377.00 sec  71.5 MBytes   600 Mbits/sec  55641  
[  5] 377.00-378.00 sec  71.5 MBytes   600 Mbits/sec  55638  
[  5] 378.00-379.00 sec  71.5 MBytes   600 Mbits/sec  55635  
[  5] 379.00-380.00 sec  71.5 MBytes   600 Mbits/sec  55638  
[  5] 380.00-381.00 sec  71.5 MBytes   600 Mbits/sec  55638  
[  5] 381.00-382.00 sec  71.5 MBytes   600 Mbits/sec  55638  
[  5] 382.00-383.00 sec  71.5 MBytes   600 Mbits/sec  55638  
[  5] 383.00-384.00 sec  71.5 MBytes   600 Mbits/sec  55638  
[  5] 384.00-385.00 sec  71.5 MBytes   600 Mbits/sec  55638  
[  5] 385.00-386.00 sec  71.5 MBytes   600 Mbits/sec  55638  
[  5] 386.00-387.00 sec  71.5 MBytes   600 Mbits/sec  55638  
[  5] 387.00-388.00 sec  71.5 MBytes   600 Mbits/sec  55638  
[  5] 388.00-389.00 sec  71.5 MBytes   600 Mbits/sec  55638  
[  5] 389.00-390.00 sec  71.5 MBytes   600 Mbits/sec  55638  
[  5] 390.00-391.00 sec  71.5 MBytes   600 Mbits/sec  55638  
[  5] 391.00-392.00 sec  71.5 MBytes   600 Mbits/sec  55638  
[  5] 392.00-392.17 sec  11.9 MBytes   602 Mbits/sec  9291  
- - - - - - - - - - - - - - - - - - - - - - - - -
[ ID] Interval           Transfer     Bitrate         Jitter    Lost/Total Datagrams
[  5]   0.00-392.17 sec  27.4 GBytes   600 Mbits/sec  0.000 ms  0/21819339 (0%)  sender

iperf3: interrupt - the server has terminated

[INFO] iPerf traffic duration: observed=392.2s, requested=600s, completion=65.4%
[ERROR] iPerf traffic ended before the minimum completion threshold: 392.2s observed, 480.0s required (80% of requested duration).

[6/6] Leaving UE airplane mode unchanged for failure inspection.
