[1/6] Checking VNF and PNF pods on O-Cloud cluster...
   > PNF Pod: oai-pnf-pegatron-7bfdd867cb-f6q6f is Running & Ready
   > VNF Pod: oai-vnf-5cbd4fbcb5-tnfb5 is Running & Ready
[SUCCESS] Both VNF and PNF pods are Running and Ready!
   > Waiting 30s for O-Cloud gNB/RU path to settle before UE attach...
[2/6] Initializing SAMSUNG UE...
   > Ensuring UE is online and has obtained 10.45.x.x IP...
[SUCCESS] UE already online with IP: 10.45.0.26 (preserve-UE mode)
[3/6] Starting iperf3 server locally on ogstun (10.45.0.1)...
[4/6] Starting Downlink iperf test via full UE driver (bandwidths=500 Mbps, period=1200s, gap=2s)...
[UE] Stopping iperf client on device R5CN30TMBYR...
[UE] Starting iperf client via run_iperf.bat (bandwidths: 500, uplink=False)
[UE IPERF] Starting iperf3 automated test (Target device: R5CN30TMBYR)...
[UE IPERF] Bandwidth list:  500
[UE IPERF] Period list:     1200
[UE IPERF] Gap time list:   2
[UE IPERF] Reverse flag:    -R
[UE IPERF] 
[UE IPERF] ======================================
[UE IPERF] Testing bandwidth: 500M, Period: 1200s, Gap: 2s
[UE IPERF] ======================================
[UE IPERF] [ERROR] iperf3 adb command failed with errorlevel 124
[INFO] UE iperf execution completed.

--- Local iperf3 Server Output ---
-----------------------------------------------------------
Server listening on 5201
-----------------------------------------------------------
Accepted connection from 10.45.0.26, port 55038
[  5] local 10.45.0.1 port 5201 connected to 10.45.0.26 port 33227
[ ID] Interval           Transfer     Bitrate         Total Datagrams
[  5]   0.00-1.00   sec  59.6 MBytes   500 Mbits/sec  46329  
[  5]   1.00-2.00   sec  59.6 MBytes   500 Mbits/sec  46366  
[  5]   2.00-3.00   sec  59.6 MBytes   500 Mbits/sec  46364  
[  5]   3.00-4.00   sec  59.6 MBytes   500 Mbits/sec  46365  
[  5]   4.00-5.00   sec  59.6 MBytes   500 Mbits/sec  46365  
[  5]   5.00-6.00   sec  59.6 MBytes   500 Mbits/sec  46365  
[  5]   6.00-7.00   sec  59.6 MBytes   500 Mbits/sec  46365  
[  5]   7.00-8.00   sec  59.6 MBytes   500 Mbits/sec  46367  
[  5]   8.00-9.00   sec  59.6 MBytes   500 Mbits/sec  46363  
[  5]   9.00-10.00  sec  59.6 MBytes   500 Mbits/sec  46365  
[  5]  10.00-11.00  sec  59.6 MBytes   500 Mbits/sec  46365  
[  5]  11.00-12.00  sec  59.6 MBytes   500 Mbits/sec  46365  
[  5]  12.00-13.00  sec  59.6 MBytes   500 Mbits/sec  46365  
[  5]  13.00-14.00  sec  59.6 MBytes   500 Mbits/sec  46365  
[  5]  14.00-15.00  sec  59.6 MBytes   500 Mbits/sec  46365  
[  5]  15.00-16.00  sec  59.6 MBytes   500 Mbits/sec  46365  
[  5]  16.00-17.00  sec  59.6 MBytes   500 Mbits/sec  46365  
[  5]  17.00-18.00  sec  59.6 MBytes   500 Mbits/sec  46365  
[  5]  18.00-19.00  sec  59.6 MBytes   500 Mbits/sec  46365  
[  5]  19.00-20.00  sec  59.6 MBytes   500 Mbits/sec  46365  
[  5]  20.00-21.00  sec  59.6 MBytes   500 Mbits/sec  46365  
[  5]  21.00-22.00  sec  59.6 MBytes   500 Mbits/sec  46365  
[  5]  22.00-23.00  sec  59.6 MBytes   500 Mbits/sec  46365  
[  5]  23.00-24.00  sec  59.6 MBytes   500 Mbits/sec  46365  
[  5]  24.00-25.00  sec  59.6 MBytes   500 Mbits/sec  46365  
[  5]  25.00-26.00  sec  59.6 MBytes   500 Mbits/sec  46365  
[  5]  26.00-27.00  sec  59.6 MBytes   500 Mbits/sec  46365  
[  5]  27.00-28.00  sec  59.6 MBytes   500 Mbits/sec  46364  
[  5]  28.00-29.00  sec  59.6 MBytes   500 Mbits/sec  46365  
[  5]  29.00-30.00  sec  59.6 MBytes   500 Mbits/sec  46366  
[  5]  30.00-31.00  sec  59.6 MBytes   500 Mbits/sec  46364  
[  5]  31.00-32.00  sec  59.6 MBytes   500 Mbits/sec  46366  
[  5]  32.00-33.00  sec  59.6 MBytes   500 Mbits/sec  46364  
[  5]  33.00-34.00  sec  59.6 MBytes   500 Mbits/sec  46365  
[  5]  34.00-35.00  sec  59.6 MBytes   500 Mbits/sec  46365  
[  5]  35.00-36.00  sec  59.6 MBytes   500 Mbits/sec  46365  
[  5]  36.00-37.00  sec  59.6 MBytes   500 Mbits/sec  46366  
[  5]  37.00-38.00  sec  59.6 MBytes   500 Mbits/sec  46364  
[  5]  38.00-39.00  sec  59.6 MBytes   500 Mbits/sec  46366  
[  5]  39.00-40.00  sec  59.6 MBytes   500 Mbits/sec  46364  
[  5]  40.00-41.00  sec  59.6 MBytes   500 Mbits/sec  46365  
[  5]  41.00-42.00  sec  59.6 MBytes   500 Mbits/sec  46365  
[  5]  42.00-43.00  sec  59.6 MBytes   500 Mbits/sec  46365  
[  5]  43.00-44.00  sec  59.6 MBytes   500 Mbits/sec  46366  
[  5]  44.00-45.00  sec  59.6 MBytes   500 Mbits/sec  46365  
[  5]  45.00-46.00  sec  59.6 MBytes   500 Mbits/sec  46364  
[  5]  46.00-47.00  sec  59.6 MBytes   500 Mbits/sec  46365  
[  5]  47.00-48.00  sec  59.6 MBytes   500 Mbits/sec  46365  
[  5]  48.00-49.00  sec  59.6 MBytes   500 Mbits/sec  46365  
[  5]  49.00-50.00  sec  59.6 MBytes   500 Mbits/sec  46365  
[  5]  50.00-51.00  sec  59.6 MBytes   500 Mbits/sec  46365  
[  5]  51.00-52.00  sec  59.6 MBytes   500 Mbits/sec  46365  
[  5]  52.00-53.00  sec  59.6 MBytes   500 Mbits/sec  46365  
[  5]  53.00-54.00  sec  59.6 MBytes   500 Mbits/sec  46365  
[  5]  54.00-55.00  sec  59.6 MBytes   500 Mbits/sec  46365  
[  5]  55.00-56.00  sec  59.6 MBytes   500 Mbits/sec  46365  
[  5]  56.00-57.00  sec  59.6 MBytes   500 Mbits/sec  46365  
[  5]  57.00-58.00  sec  59.6 MBytes   500 Mbits/sec  46365  
[  5]  58.00-59.00  sec  59.6 MBytes   500 Mbits/sec  46365  
[  5]  59.00-60.00  sec  59.6 MBytes   500 Mbits/sec  46365  
[  5]  60.00-61.00  sec  59.6 MBytes   500 Mbits/sec  46365  
[  5]  61.00-62.00  sec  59.6 MBytes   500 Mbits/sec  46365  
[  5]  62.00-63.00  sec  59.6 MBytes   500 Mbits/sec  46365  
[  5]  63.00-64.00  sec  59.6 MBytes   500 Mbits/sec  46365  
[  5]  64.00-65.00  sec  59.6 MBytes   500 Mbits/sec  46365  
[  5]  65.00-66.00  sec  59.6 MBytes   500 Mbits/sec  46365  
[  5]  66.00-67.00  sec  59.6 MBytes   500 Mbits/sec  46365  
[  5]  67.00-68.00  sec  59.6 MBytes   500 Mbits/sec  46365  
[  5]  68.00-69.00  sec  59.6 MBytes   500 Mbits/sec  46365  
[  5]  69.00-70.00  sec  59.6 MBytes   500 Mbits/sec  46365  
[  5]  70.00-71.00  sec  59.6 MBytes   500 Mbits/sec  46365  
[  5]  71.00-72.00  sec  59.6 MBytes   500 Mbits/sec  46365  
[  5]  72.00-73.00  sec  59.6 MBytes   500 Mbits/sec  46365  
[  5]  73.00-74.00  sec  59.6 MBytes   500 Mbits/sec  46365  
[  5]  74.00-75.00  sec  59.6 MBytes   500 Mbits/sec  46365  
[  5]  75.00-76.00  sec  59.6 MBytes   500 Mbits/sec  46365  
[  5]  76.00-77.00  sec  59.6 MBytes   500 Mbits/sec  46365  
[  5]  77.00-78.00  sec  59.6 MBytes   500 Mbits/sec  46365  
[  5]  78.00-79.00  sec  59.6 MBytes   500 Mbits/sec  46365  
[  5]  79.00-80.00  sec  59.6 MBytes   500 Mbits/sec  46365  
[  5]  80.00-81.00  sec  59.6 MBytes   500 Mbits/sec  46365  
[  5]  81.00-82.00  sec  59.6 MBytes   500 Mbits/sec  46365  
[  5]  82.00-83.00  sec  59.6 MBytes   500 Mbits/sec  46365  
[  5]  83.00-84.00  sec  59.6 MBytes   500 Mbits/sec  46365  
[  5]  84.00-85.00  sec  59.6 MBytes   500 Mbits/sec  46365  
[  5]  85.00-86.00  sec  59.6 MBytes   500 Mbits/sec  46365  
[  5]  86.00-87.00  sec  59.6 MBytes   500 Mbits/sec  46365  
[  5]  87.00-88.00  sec  59.6 MBytes   500 Mbits/sec  46365  
[  5]  88.00-89.00  sec  59.6 MBytes   500 Mbits/sec  46365  
[  5]  89.00-90.00  sec  59.6 MBytes   500 Mbits/sec  46365  
[  5]  90.00-91.00  sec  59.6 MBytes   500 Mbits/sec  46365  
[  5]  91.00-92.00  sec  59.6 MBytes   500 Mbits/sec  46365  
[  5]  92.00-93.00  sec  59.6 MBytes   500 Mbits/sec  46365  
[  5]  93.00-94.00  sec  59.6 MBytes   500 Mbits/sec  46365  
[  5]  94.00-95.00  sec  59.6 MBytes   500 Mbits/sec  46364  
[  5]  95.00-96.00  sec  59.6 MBytes   500 Mbits/sec  46365  
[  5]  96.00-97.00  sec  59.6 MBytes   500 Mbits/sec  46366  
[  5]  97.00-98.00  sec  59.6 MBytes   500 Mbits/sec  46365  
[  5]  98.00-99.00  sec  59.6 MBytes   500 Mbits/sec  46364  
[  5]  99.00-100.00 sec  59.6 MBytes   500 Mbits/sec  46366  
[  5] 100.00-101.00 sec  59.6 MBytes   500 Mbits/sec  46364  
[  5] 101.00-102.00 sec  59.6 MBytes   500 Mbits/sec  46365  
[  5] 102.00-103.00 sec  59.6 MBytes   500 Mbits/sec  46365  
[  5] 103.00-104.00 sec  59.6 MBytes   500 Mbits/sec  46365  
[  5] 104.00-105.00 sec  59.6 MBytes   500 Mbits/sec  46365  
[  5] 105.00-106.00 sec  59.6 MBytes   500 Mbits/sec  46365  
[  5] 106.00-107.00 sec  59.6 MBytes   500 Mbits/sec  46365  
[  5] 107.00-108.00 sec  59.6 MBytes   500 Mbits/sec  46365  
[  5] 108.00-109.00 sec  59.6 MBytes   500 Mbits/sec  46366  
[  5] 109.00-110.00 sec  59.6 MBytes   500 Mbits/sec  46364  
[  5] 110.00-111.00 sec  59.6 MBytes   500 Mbits/sec  46365  
[  5] 111.00-112.00 sec  59.6 MBytes   500 Mbits/sec  46365  
[  5] 112.00-113.00 sec  59.6 MBytes   500 Mbits/sec  46365  
[  5] 113.00-114.00 sec  59.6 MBytes   500 Mbits/sec  46365  
[  5] 114.00-115.00 sec  59.6 MBytes   500 Mbits/sec  46367  
[  5] 115.00-116.00 sec  59.6 MBytes   500 Mbits/sec  46363  
[  5] 116.00-117.00 sec  59.6 MBytes   500 Mbits/sec  46365  
[  5] 117.00-118.00 sec  59.6 MBytes   500 Mbits/sec  46365  
[  5] 118.00-119.00 sec  59.6 MBytes   500 Mbits/sec  46365  
[  5] 119.00-120.00 sec  59.6 MBytes   500 Mbits/sec  46366  
[  5] 120.00-121.00 sec  59.6 MBytes   500 Mbits/sec  46364  
[  5] 121.00-122.00 sec  59.6 MBytes   500 Mbits/sec  46365  
[  5] 122.00-123.00 sec  59.6 MBytes   500 Mbits/sec  46365  
[  5] 123.00-124.00 sec  59.6 MBytes   500 Mbits/sec  46365  
[  5] 124.00-125.00 sec  59.6 MBytes   500 Mbits/sec  46365  
[  5] 125.00-126.00 sec  59.6 MBytes   500 Mbits/sec  46365  
[  5] 126.00-127.00 sec  59.6 MBytes   500 Mbits/sec  46365  
[  5] 127.00-128.00 sec  59.6 MBytes   500 Mbits/sec  46365  
[  5] 128.00-129.00 sec  59.6 MBytes   500 Mbits/sec  46365  
[  5] 129.00-130.00 sec  59.6 MBytes   500 Mbits/sec  46365  
[  5] 130.00-131.00 sec  59.6 MBytes   500 Mbits/sec  46365  
[  5] 131.00-132.00 sec  59.6 MBytes   500 Mbits/sec  46365  
[  5] 132.00-133.00 sec  59.6 MBytes   500 Mbits/sec  46365  
[  5] 133.00-134.00 sec  59.6 MBytes   500 Mbits/sec  46365  
[  5] 134.00-135.00 sec  59.6 MBytes   500 Mbits/sec  46365  
[  5] 135.00-136.00 sec  59.6 MBytes   500 Mbits/sec  46365  
[  5] 136.00-137.00 sec  59.6 MBytes   500 Mbits/sec  46365  
[  5] 137.00-138.00 sec  59.6 MBytes   500 Mbits/sec  46365  
[  5] 138.00-139.00 sec  59.6 MBytes   500 Mbits/sec  46365  
[  5] 139.00-140.00 sec  59.6 MBytes   500 Mbits/sec  46365  
[  5] 140.00-141.00 sec  59.6 MBytes   500 Mbits/sec  46365  
[  5] 141.00-142.00 sec  59.6 MBytes   500 Mbits/sec  46365  
[  5] 142.00-143.00 sec  59.6 MBytes   500 Mbits/sec  46365  
[  5] 143.00-144.00 sec  59.6 MBytes   500 Mbits/sec  46365  
[  5] 144.00-145.00 sec  59.6 MBytes   500 Mbits/sec  46365  
[  5] 145.00-146.00 sec  59.6 MBytes   500 Mbits/sec  46365  
[  5] 146.00-147.00 sec  59.6 MBytes   500 Mbits/sec  46365  
[  5] 147.00-148.00 sec  59.6 MBytes   500 Mbits/sec  46365  
[  5] 148.00-149.00 sec  59.6 MBytes   500 Mbits/sec  46365  
[  5] 149.00-150.00 sec  59.6 MBytes   500 Mbits/sec  46365  
[  5] 150.00-151.00 sec  59.6 MBytes   500 Mbits/sec  46365  
[  5] 151.00-152.00 sec  59.6 MBytes   500 Mbits/sec  46365  
[  5] 152.00-153.00 sec  59.6 MBytes   500 Mbits/sec  46365  
[  5] 153.00-154.00 sec  59.6 MBytes   500 Mbits/sec  46365  
[  5] 154.00-155.00 sec  59.6 MBytes   500 Mbits/sec  46364  
[  5] 155.00-156.00 sec  59.6 MBytes   500 Mbits/sec  46366  
[  5] 156.00-157.00 sec  59.6 MBytes   500 Mbits/sec  46365  
[  5] 157.00-158.00 sec  59.6 MBytes   500 Mbits/sec  46365  
[  5] 158.00-159.00 sec  59.6 MBytes   500 Mbits/sec  46365  
[  5] 159.00-160.00 sec  59.6 MBytes   500 Mbits/sec  46365  
[  5] 160.00-161.00 sec  59.6 MBytes   500 Mbits/sec  46365  
[  5] 161.00-162.00 sec  59.6 MBytes   500 Mbits/sec  46364  
[  5] 162.00-163.00 sec  59.6 MBytes   500 Mbits/sec  46366  
[  5] 163.00-164.00 sec  59.6 MBytes   500 Mbits/sec  46364  
[  5] 164.00-165.00 sec  59.6 MBytes   500 Mbits/sec  46366  
[  5] 165.00-166.00 sec  59.6 MBytes   500 Mbits/sec  46364  
[  5] 166.00-167.00 sec  59.6 MBytes   500 Mbits/sec  46366  
[  5] 167.00-168.00 sec  59.6 MBytes   500 Mbits/sec  46365  
[  5] 168.00-169.00 sec  59.6 MBytes   500 Mbits/sec  46364  
[  5] 169.00-170.00 sec  59.6 MBytes   500 Mbits/sec  46365  
[  5] 170.00-171.00 sec  59.6 MBytes   500 Mbits/sec  46366  
[  5] 171.00-172.00 sec  59.6 MBytes   500 Mbits/sec  46365  
[  5] 172.00-173.00 sec  59.6 MBytes   500 Mbits/sec  46364  
[  5] 173.00-174.00 sec  59.6 MBytes   500 Mbits/sec  46365  
[  5] 174.00-175.00 sec  59.6 MBytes   500 Mbits/sec  46365  
[  5] 175.00-176.00 sec  59.6 MBytes   500 Mbits/sec  46365  
[  5] 176.00-177.00 sec  59.6 MBytes   500 Mbits/sec  46365  
[  5] 177.00-178.00 sec  59.6 MBytes   500 Mbits/sec  46365  
[  5] 178.00-179.00 sec  59.6 MBytes   500 Mbits/sec  46365  
[  5] 179.00-180.00 sec  59.6 MBytes   500 Mbits/sec  46365  
[  5] 180.00-181.00 sec  59.6 MBytes   500 Mbits/sec  46365  
[  5] 181.00-182.00 sec  59.6 MBytes   500 Mbits/sec  46365  
[  5] 182.00-183.00 sec  59.6 MBytes   500 Mbits/sec  46365  
[  5] 183.00-184.00 sec  59.6 MBytes   500 Mbits/sec  46365  
[  5] 184.00-185.00 sec  59.6 MBytes   500 Mbits/sec  46365  
[  5] 185.00-186.00 sec  59.6 MBytes   500 Mbits/sec  46367  
[  5] 186.00-187.00 sec  59.6 MBytes   500 Mbits/sec  46363  
[  5] 187.00-188.00 sec  59.6 MBytes   500 Mbits/sec  46367  
[  5] 188.00-189.00 sec  59.6 MBytes   500 Mbits/sec  46363  
[  5] 189.00-190.00 sec  59.6 MBytes   500 Mbits/sec  46365  
[  5] 190.00-191.00 sec  59.6 MBytes   500 Mbits/sec  46365  
[  5] 191.00-192.00 sec  59.6 MBytes   500 Mbits/sec  46365  
[  5] 192.00-193.00 sec  59.6 MBytes   500 Mbits/sec  46365  
[  5] 193.00-194.00 sec  59.6 MBytes   500 Mbits/sec  46365  
[  5] 194.00-195.00 sec  59.6 MBytes   500 Mbits/sec  46365  
[  5] 195.00-196.00 sec  59.6 MBytes   500 Mbits/sec  46365  
[  5] 196.00-197.00 sec  59.6 MBytes   500 Mbits/sec  46365  
[  5] 197.00-198.00 sec  59.6 MBytes   500 Mbits/sec  46365  
[  5] 198.00-199.00 sec  59.6 MBytes   500 Mbits/sec  46365  
[  5] 199.00-200.00 sec  59.6 MBytes   500 Mbits/sec  46365  
[  5] 200.00-201.00 sec  59.6 MBytes   500 Mbits/sec  46365  
[  5] 201.00-202.00 sec  59.6 MBytes   500 Mbits/sec  46365  
[  5] 202.00-203.00 sec  59.6 MBytes   500 Mbits/sec  46365  
[  5] 203.00-204.00 sec  59.6 MBytes   500 Mbits/sec  46365  
[  5] 204.00-205.00 sec  59.6 MBytes   500 Mbits/sec  46365  
[  5] 205.00-206.00 sec  59.6 MBytes   500 Mbits/sec  46365  
[  5] 206.00-207.00 sec  59.6 MBytes   500 Mbits/sec  46365  
[  5] 207.00-208.00 sec  59.6 MBytes   500 Mbits/sec  46365  
[  5] 208.00-209.00 sec  59.6 MBytes   500 Mbits/sec  46365  
[  5] 209.00-210.00 sec  59.6 MBytes   500 Mbits/sec  46365  
[  5] 210.00-211.00 sec  59.6 MBytes   500 Mbits/sec  46365  
[  5] 211.00-212.00 sec  59.6 MBytes   500 Mbits/sec  46365  
[  5] 212.00-213.00 sec  59.6 MBytes   500 Mbits/sec  46365  
[  5] 213.00-214.00 sec  59.6 MBytes   500 Mbits/sec  46367  
[  5] 214.00-215.00 sec  59.6 MBytes   500 Mbits/sec  46363  
[  5] 215.00-216.00 sec  59.6 MBytes   500 Mbits/sec  46365  
[  5] 216.00-217.00 sec  59.6 MBytes   500 Mbits/sec  46365  
[  5] 217.00-218.00 sec  59.6 MBytes   500 Mbits/sec  46365  
[  5] 218.00-219.00 sec  59.6 MBytes   500 Mbits/sec  46365  
[  5] 219.00-220.00 sec  59.6 MBytes   500 Mbits/sec  46365  
[  5] 220.00-221.00 sec  59.6 MBytes   500 Mbits/sec  46365  
[  5] 221.00-222.00 sec  59.6 MBytes   500 Mbits/sec  46365  
[  5] 222.00-223.00 sec  59.6 MBytes   500 Mbits/sec  46365  
[  5] 223.00-224.00 sec  59.6 MBytes   500 Mbits/sec  46365  
[  5] 224.00-225.00 sec  59.6 MBytes   500 Mbits/sec  46364  
[  5] 225.00-226.00 sec  59.6 MBytes   500 Mbits/sec  46368  
[  5] 226.00-227.00 sec  59.6 MBytes   500 Mbits/sec  46363  
[  5] 227.00-228.00 sec  59.6 MBytes   500 Mbits/sec  46367  
[  5] 228.00-229.00 sec  59.6 MBytes   500 Mbits/sec  46363  
[  5] 229.00-230.00 sec  59.6 MBytes   500 Mbits/sec  46365  
[  5] 230.00-231.00 sec  59.6 MBytes   500 Mbits/sec  46365  
[  5] 231.00-232.00 sec  59.6 MBytes   500 Mbits/sec  46364  
[  5] 232.00-233.00 sec  59.6 MBytes   500 Mbits/sec  46367  
[  5] 233.00-234.00 sec  59.6 MBytes   500 Mbits/sec  46363  
[  5] 234.00-235.00 sec  59.6 MBytes   500 Mbits/sec  46365  
[  5] 235.00-236.00 sec  59.6 MBytes   500 Mbits/sec  46365  
[  5] 236.00-237.00 sec  59.6 MBytes   500 Mbits/sec  46365  
[  5] 237.00-238.00 sec  59.6 MBytes   500 Mbits/sec  46365  
[  5] 238.00-239.00 sec  59.6 MBytes   500 Mbits/sec  46366  
[  5] 239.00-240.00 sec  59.6 MBytes   500 Mbits/sec  46365  
[  5] 240.00-241.00 sec  59.6 MBytes   500 Mbits/sec  46364  
[  5] 241.00-242.00 sec  59.6 MBytes   500 Mbits/sec  46365  
[  5] 242.00-243.00 sec  59.6 MBytes   500 Mbits/sec  46366  
[  5] 243.00-244.00 sec  59.6 MBytes   500 Mbits/sec  46364  
[  5] 244.00-245.00 sec  59.6 MBytes   500 Mbits/sec  46365  
[  5] 245.00-246.00 sec  59.6 MBytes   500 Mbits/sec  46365  
[  5] 246.00-247.00 sec  59.6 MBytes   500 Mbits/sec  46365  
[  5] 247.00-248.00 sec  59.6 MBytes   500 Mbits/sec  46365  
[  5] 248.00-249.00 sec  59.6 MBytes   500 Mbits/sec  46365  
[  5] 249.00-250.00 sec  59.6 MBytes   500 Mbits/sec  46365  
[  5] 250.00-251.00 sec  59.6 MBytes   500 Mbits/sec  46365  
[  5] 251.00-252.00 sec  59.6 MBytes   500 Mbits/sec  46365  
[  5] 252.00-253.00 sec  59.6 MBytes   500 Mbits/sec  46365  
[  5] 253.00-254.00 sec  59.6 MBytes   500 Mbits/sec  46365  
[  5] 254.00-255.00 sec  59.6 MBytes   500 Mbits/sec  46365  
[  5] 255.00-256.00 sec  59.6 MBytes   500 Mbits/sec  46365  
[  5] 256.00-257.00 sec  59.6 MBytes   500 Mbits/sec  46365  
[  5] 257.00-258.00 sec  59.6 MBytes   500 Mbits/sec  46365  
[  5] 258.00-259.00 sec  59.6 MBytes   500 Mbits/sec  46365  
[  5] 259.00-260.00 sec  59.6 MBytes   500 Mbits/sec  46365  
[  5] 260.00-261.00 sec  59.6 MBytes   500 Mbits/sec  46365  
[  5] 261.00-262.00 sec  59.6 MBytes   500 Mbits/sec  46365  
[  5] 262.00-263.00 sec  59.6 MBytes   500 Mbits/sec  46365  
[  5] 263.00-264.00 sec  59.6 MBytes   500 Mbits/sec  46365  
[  5] 264.00-265.00 sec  59.6 MBytes   500 Mbits/sec  46365  
[  5] 265.00-266.00 sec  59.6 MBytes   500 Mbits/sec  46365  
[  5] 266.00-267.00 sec  59.6 MBytes   500 Mbits/sec  46365  
[  5] 267.00-268.00 sec  59.6 MBytes   500 Mbits/sec  46365  
[  5] 268.00-269.00 sec  59.6 MBytes   500 Mbits/sec  46368  
[  5] 269.00-270.00 sec  59.6 MBytes   500 Mbits/sec  46362  
[  5] 270.00-271.00 sec  59.6 MBytes   500 Mbits/sec  46368  
[  5] 271.00-272.00 sec  59.6 MBytes   500 Mbits/sec  46364  
[  5] 272.00-273.00 sec  59.6 MBytes   500 Mbits/sec  46363  
[  5] 273.00-274.00 sec  59.6 MBytes   500 Mbits/sec  46365  
[  5] 274.00-275.00 sec  59.6 MBytes   500 Mbits/sec  46365  
[  5] 275.00-276.00 sec  59.6 MBytes   500 Mbits/sec  46365  
[  5] 276.00-277.00 sec  59.6 MBytes   500 Mbits/sec  46367  
[  5] 277.00-278.00 sec  59.6 MBytes   500 Mbits/sec  46363  
[  5] 278.00-279.00 sec  59.6 MBytes   500 Mbits/sec  46367  
[  5] 279.00-280.00 sec  59.6 MBytes   500 Mbits/sec  46363  
[  5] 280.00-281.00 sec  59.6 MBytes   500 Mbits/sec  46365  
[  5] 281.00-282.00 sec  59.6 MBytes   500 Mbits/sec  46365  
[  5] 282.00-283.00 sec  59.6 MBytes   500 Mbits/sec  46365  
[  5] 283.00-284.00 sec  59.6 MBytes   500 Mbits/sec  46365  
[  5] 284.00-285.00 sec  59.6 MBytes   500 Mbits/sec  46365  
[  5] 285.00-286.00 sec  59.6 MBytes   500 Mbits/sec  46365  
[  5] 286.00-287.00 sec  59.6 MBytes   500 Mbits/sec  46365  
[  5] 287.00-288.00 sec  59.6 MBytes   500 Mbits/sec  46365  
[  5] 288.00-289.00 sec  59.6 MBytes   500 Mbits/sec  46365  
[  5] 289.00-290.00 sec  59.6 MBytes   500 Mbits/sec  46365  
[  5] 290.00-291.00 sec  59.6 MBytes   500 Mbits/sec  46365  
[  5] 291.00-292.00 sec  59.6 MBytes   500 Mbits/sec  46365  
[  5] 292.00-293.00 sec  59.6 MBytes   500 Mbits/sec  46365  
[  5] 293.00-294.00 sec  59.6 MBytes   500 Mbits/sec  46365  
[  5] 294.00-295.00 sec  59.6 MBytes   500 Mbits/sec  46365  
[  5] 295.00-296.00 sec  59.6 MBytes   500 Mbits/sec  46365  
[  5] 296.00-297.00 sec  59.6 MBytes   500 Mbits/sec  46365  
[  5] 297.00-298.00 sec  59.6 MBytes   500 Mbits/sec  46364  
[  5] 298.00-299.00 sec  59.6 MBytes   500 Mbits/sec  46368  
[  5] 299.00-300.00 sec  59.6 MBytes   500 Mbits/sec  46363  
[  5] 300.00-301.00 sec  59.6 MBytes   500 Mbits/sec  46366  
[  5] 301.00-302.00 sec  59.6 MBytes   500 Mbits/sec  46363  
[  5] 302.00-303.00 sec  59.6 MBytes   500 Mbits/sec  46366  
[  5] 303.00-304.00 sec  59.6 MBytes   500 Mbits/sec  46364  
[  5] 304.00-305.00 sec  59.6 MBytes   500 Mbits/sec  46365  
[  5] 305.00-306.00 sec  59.6 MBytes   500 Mbits/sec  46365  
[  5] 306.00-307.00 sec  59.6 MBytes   500 Mbits/sec  46366  
[  5] 307.00-308.00 sec  59.6 MBytes   500 Mbits/sec  46364  
[  5] 308.00-309.00 sec  59.6 MBytes   500 Mbits/sec  46363  
[  5] 309.00-310.00 sec  59.6 MBytes   500 Mbits/sec  46367  
[  5] 310.00-311.00 sec  59.6 MBytes   500 Mbits/sec  46365  
[  5] 311.00-312.00 sec  59.6 MBytes   500 Mbits/sec  46365  
[  5] 312.00-313.00 sec  59.6 MBytes   500 Mbits/sec  46365  
[  5] 313.00-314.00 sec  59.6 MBytes   500 Mbits/sec  46365  
[  5] 314.00-315.00 sec  59.6 MBytes   500 Mbits/sec  46365  
[  5] 315.00-316.00 sec  59.6 MBytes   500 Mbits/sec  46365  
[  5] 316.00-317.00 sec  59.6 MBytes   500 Mbits/sec  46365  
[  5] 317.00-318.00 sec  59.6 MBytes   500 Mbits/sec  46365  
[  5] 318.00-319.00 sec  59.6 MBytes   500 Mbits/sec  46366  
[  5] 319.00-320.00 sec  59.6 MBytes   500 Mbits/sec  46366  
[  5] 320.00-321.00 sec  59.6 MBytes   500 Mbits/sec  46363  
[  5] 321.00-322.00 sec  59.6 MBytes   500 Mbits/sec  46365  
[  5] 322.00-323.00 sec  59.6 MBytes   500 Mbits/sec  46365  
[  5] 323.00-324.00 sec  59.6 MBytes   500 Mbits/sec  46365  
[  5] 324.00-325.00 sec  59.6 MBytes   500 Mbits/sec  46365  
[  5] 325.00-326.00 sec  59.6 MBytes   500 Mbits/sec  46365  
[  5] 326.00-327.00 sec  59.6 MBytes   500 Mbits/sec  46365  
[  5] 327.00-328.00 sec  59.6 MBytes   500 Mbits/sec  46365  
[  5] 328.00-329.00 sec  59.6 MBytes   500 Mbits/sec  46365  
[  5] 329.00-330.00 sec  59.6 MBytes   500 Mbits/sec  46366  
[  5] 330.00-331.00 sec  59.6 MBytes   500 Mbits/sec  46364  
[  5] 331.00-332.00 sec  59.6 MBytes   500 Mbits/sec  46365  
[  5] 332.00-333.00 sec  59.6 MBytes   500 Mbits/sec  46365  
[  5] 333.00-334.00 sec  59.6 MBytes   500 Mbits/sec  46365  
[  5] 334.00-335.00 sec  59.6 MBytes   500 Mbits/sec  46365  
[  5] 335.00-336.00 sec  59.6 MBytes   500 Mbits/sec  46365  
[  5] 336.00-337.00 sec  59.6 MBytes   500 Mbits/sec  46365  
[  5] 337.00-338.00 sec  59.6 MBytes   500 Mbits/sec  46367  
[  5] 338.00-339.00 sec  59.6 MBytes   500 Mbits/sec  46365  
[  5] 339.00-340.00 sec  59.6 MBytes   500 Mbits/sec  46365  
[  5] 340.00-341.00 sec  59.6 MBytes   500 Mbits/sec  46363  
[  5] 341.00-342.00 sec  59.6 MBytes   500 Mbits/sec  46365  
[  5] 342.00-343.00 sec  59.6 MBytes   500 Mbits/sec  46365  
[  5] 343.00-344.00 sec  59.6 MBytes   500 Mbits/sec  46365  
[  5] 344.00-345.00 sec  59.6 MBytes   500 Mbits/sec  46365  
[  5] 345.00-346.00 sec  59.6 MBytes   500 Mbits/sec  46367  
[  5] 346.00-347.00 sec  59.6 MBytes   500 Mbits/sec  46363  
[  5] 347.00-348.00 sec  59.6 MBytes   500 Mbits/sec  46365  
[  5] 348.00-349.00 sec  59.6 MBytes   500 Mbits/sec  46365  
[  5] 349.00-350.00 sec  59.6 MBytes   500 Mbits/sec  46365  
[  5] 350.00-351.00 sec  59.6 MBytes   500 Mbits/sec  46365  
[  5] 351.00-352.00 sec  59.6 MBytes   500 Mbits/sec  46365  
[  5] 352.00-353.00 sec  59.6 MBytes   500 Mbits/sec  46365  
[  5] 353.00-354.00 sec  59.6 MBytes   500 Mbits/sec  46365  
[  5] 354.00-355.00 sec  59.6 MBytes   500 Mbits/sec  46365  
[  5] 355.00-356.00 sec  59.6 MBytes   500 Mbits/sec  46365  
[  5] 356.00-357.00 sec  59.6 MBytes   500 Mbits/sec  46365  
[  5] 357.00-358.00 sec  59.6 MBytes   500 Mbits/sec  46365  
[  5] 358.00-359.00 sec  59.6 MBytes   500 Mbits/sec  46365  
[  5] 359.00-360.00 sec  59.6 MBytes   500 Mbits/sec  46365  
[  5] 360.00-361.00 sec  59.6 MBytes   500 Mbits/sec  46365  
[  5] 361.00-362.00 sec  59.6 MBytes   500 Mbits/sec  46365  
[  5] 362.00-363.00 sec  59.6 MBytes   500 Mbits/sec  46365  
[  5] 363.00-364.00 sec  59.6 MBytes   500 Mbits/sec  46365  
[  5] 364.00-365.00 sec  59.6 MBytes   500 Mbits/sec  46365  
[  5] 365.00-366.00 sec  59.6 MBytes   500 Mbits/sec  46365  
[  5] 366.00-367.00 sec  59.6 MBytes   500 Mbits/sec  46364  
[  5] 367.00-368.00 sec  59.6 MBytes   500 Mbits/sec  46366  
[  5] 368.00-369.00 sec  59.6 MBytes   500 Mbits/sec  46365  
[  5] 369.00-370.00 sec  59.6 MBytes   500 Mbits/sec  46365  
[  5] 370.00-371.00 sec  59.6 MBytes   500 Mbits/sec  46365  
[  5] 371.00-372.00 sec  59.6 MBytes   500 Mbits/sec  46365  
[  5] 372.00-373.00 sec  59.6 MBytes   500 Mbits/sec  46365  
[  5] 373.00-374.00 sec  59.6 MBytes   500 Mbits/sec  46364  
[  5] 374.00-375.00 sec  59.6 MBytes   500 Mbits/sec  46366  
[  5] 375.00-376.00 sec  59.6 MBytes   500 Mbits/sec  46364  
[  5] 376.00-377.00 sec  59.6 MBytes   500 Mbits/sec  46365  
[  5] 377.00-378.00 sec  59.6 MBytes   500 Mbits/sec  46365  
[  5] 378.00-379.00 sec  59.6 MBytes   500 Mbits/sec  46365  
[  5] 379.00-380.00 sec  59.6 MBytes   500 Mbits/sec  46365  
[  5] 380.00-381.00 sec  59.6 MBytes   500 Mbits/sec  46365  
[  5] 381.00-382.00 sec  59.6 MBytes   500 Mbits/sec  46365  
[  5] 382.00-383.00 sec  59.6 MBytes   500 Mbits/sec  46365  
[  5] 383.00-384.00 sec  59.6 MBytes   500 Mbits/sec  46365  
[  5] 384.00-385.00 sec  59.6 MBytes   500 Mbits/sec  46365  
[  5] 385.00-386.00 sec  59.6 MBytes   500 Mbits/sec  46365  
[  5] 386.00-387.00 sec  59.6 MBytes   500 Mbits/sec  46365  
[  5] 387.00-388.00 sec  59.6 MBytes   500 Mbits/sec  46365  
[  5] 388.00-389.00 sec  59.6 MBytes   500 Mbits/sec  46365  
[  5] 389.00-390.00 sec  59.6 MBytes   500 Mbits/sec  46365  
[  5] 390.00-391.00 sec  59.6 MBytes   500 Mbits/sec  46365  
[  5] 391.00-392.00 sec  59.6 MBytes   500 Mbits/sec  46365  
[  5] 392.00-393.00 sec  59.6 MBytes   500 Mbits/sec  46365  
[  5] 393.00-394.00 sec  59.6 MBytes   500 Mbits/sec  46365  
[  5] 394.00-395.00 sec  59.6 MBytes   500 Mbits/sec  46365  
[  5] 395.00-396.00 sec  59.6 MBytes   500 Mbits/sec  46365  
[  5] 396.00-397.00 sec  59.6 MBytes   500 Mbits/sec  46365  
[  5] 397.00-398.00 sec  59.6 MBytes   500 Mbits/sec  46365  
[  5] 398.00-399.00 sec  59.6 MBytes   500 Mbits/sec  46365  
[  5] 399.00-400.00 sec  59.6 MBytes   500 Mbits/sec  46365  
[  5] 400.00-401.00 sec  59.6 MBytes   500 Mbits/sec  46365  
[  5] 401.00-402.00 sec  59.6 MBytes   500 Mbits/sec  46366  
[  5] 402.00-403.00 sec  59.6 MBytes   500 Mbits/sec  46364  
[  5] 403.00-404.00 sec  59.6 MBytes   500 Mbits/sec  46365  
[  5] 404.00-405.00 sec  59.6 MBytes   500 Mbits/sec  46365  
[  5] 405.00-406.00 sec  59.6 MBytes   500 Mbits/sec  46365  
[  5] 406.00-407.00 sec  59.6 MBytes   500 Mbits/sec  46368  
[  5] 407.00-408.00 sec  59.6 MBytes   500 Mbits/sec  46362  
[  5] 408.00-409.00 sec  59.6 MBytes   500 Mbits/sec  46365  
[  5] 409.00-410.00 sec  59.6 MBytes   500 Mbits/sec  46365  
[  5] 410.00-411.00 sec  59.6 MBytes   500 Mbits/sec  46365  
[  5] 411.00-412.00 sec  59.6 MBytes   500 Mbits/sec  46365  
[  5] 412.00-413.00 sec  59.6 MBytes   500 Mbits/sec  46365  
[  5] 413.00-414.00 sec  59.6 MBytes   500 Mbits/sec  46365  
[  5] 414.00-415.00 sec  59.6 MBytes   500 Mbits/sec  46365  
[  5] 415.00-416.00 sec  59.6 MBytes   500 Mbits/sec  46365  
[  5] 416.00-417.00 sec  59.6 MBytes   500 Mbits/sec  46365  
[  5] 417.00-418.00 sec  59.6 MBytes   500 Mbits/sec  46365  
[  5] 418.00-419.00 sec  59.6 MBytes   500 Mbits/sec  46365  
[  5] 419.00-420.00 sec  59.6 MBytes   500 Mbits/sec  46365  
[  5] 420.00-421.00 sec  59.6 MBytes   500 Mbits/sec  46365  
[  5] 421.00-422.00 sec  59.6 MBytes   500 Mbits/sec  46365  
[  5] 422.00-423.00 sec  59.6 MBytes   500 Mbits/sec  46367  
[  5] 423.00-424.00 sec  59.6 MBytes   500 Mbits/sec  46363  
[  5] 424.00-425.00 sec  59.6 MBytes   500 Mbits/sec  46365  
[  5] 425.00-426.00 sec  59.6 MBytes   500 Mbits/sec  46365  
[  5] 426.00-427.00 sec  59.6 MBytes   500 Mbits/sec  46367  
[  5] 427.00-428.00 sec  59.6 MBytes   500 Mbits/sec  46363  
[  5] 428.00-429.00 sec  59.6 MBytes   500 Mbits/sec  46365  
[  5] 429.00-430.00 sec  59.6 MBytes   500 Mbits/sec  46365  
[  5] 430.00-431.00 sec  59.6 MBytes   500 Mbits/sec  46365  
[  5] 431.00-432.00 sec  59.6 MBytes   500 Mbits/sec  46365  
[  5] 432.00-433.00 sec  59.6 MBytes   500 Mbits/sec  46365  
[  5] 433.00-434.00 sec  59.6 MBytes   500 Mbits/sec  46367  
[  5] 434.00-435.00 sec  59.6 MBytes   500 Mbits/sec  46363  
[  5] 435.00-436.00 sec  59.6 MBytes   500 Mbits/sec  46365  
[  5] 436.00-437.00 sec  59.6 MBytes   500 Mbits/sec  46364  
[  5] 437.00-438.00 sec  59.6 MBytes   500 Mbits/sec  46366  
[  5] 438.00-439.00 sec  59.6 MBytes   500 Mbits/sec  46365  
[  5] 439.00-440.00 sec  59.6 MBytes   500 Mbits/sec  46364  
[  5] 440.00-441.00 sec  59.6 MBytes   500 Mbits/sec  46365  
[  5] 441.00-442.00 sec  59.6 MBytes   500 Mbits/sec  46366  
[  5] 442.00-443.00 sec  59.6 MBytes   500 Mbits/sec  46364  
[  5] 443.00-444.00 sec  59.6 MBytes   500 Mbits/sec  46365  
[  5] 444.00-445.00 sec  59.6 MBytes   500 Mbits/sec  46366  
[  5] 445.00-446.00 sec  59.6 MBytes   500 Mbits/sec  46364  
[  5] 446.00-447.00 sec  59.6 MBytes   500 Mbits/sec  46365  
[  5] 447.00-448.00 sec  59.6 MBytes   500 Mbits/sec  46365  
[  5] 448.00-449.00 sec  59.6 MBytes   500 Mbits/sec  46365  
[  5] 449.00-450.00 sec  59.6 MBytes   500 Mbits/sec  46365  
[  5] 450.00-451.00 sec  59.6 MBytes   500 Mbits/sec  46365  
[  5] 451.00-452.00 sec  59.6 MBytes   500 Mbits/sec  46365  
[  5] 452.00-453.00 sec  59.6 MBytes   500 Mbits/sec  46365  
[  5] 453.00-454.00 sec  59.6 MBytes   500 Mbits/sec  46365  
[  5] 454.00-455.00 sec  59.6 MBytes   500 Mbits/sec  46365  
[  5] 455.00-456.00 sec  59.6 MBytes   500 Mbits/sec  46365  
[  5] 456.00-457.00 sec  59.6 MBytes   500 Mbits/sec  46365  
[  5] 457.00-458.00 sec  59.6 MBytes   500 Mbits/sec  46365  
[  5] 458.00-459.00 sec  59.6 MBytes   500 Mbits/sec  46365  
[  5] 459.00-460.00 sec  59.6 MBytes   500 Mbits/sec  46367  
[  5] 460.00-461.00 sec  59.6 MBytes   500 Mbits/sec  46363  
[  5] 461.00-462.00 sec  59.6 MBytes   500 Mbits/sec  46365  
[  5] 462.00-463.00 sec  59.6 MBytes   500 Mbits/sec  46365  
[  5] 463.00-464.00 sec  59.6 MBytes   500 Mbits/sec  46365  
[  5] 464.00-465.00 sec  59.6 MBytes   500 Mbits/sec  46365  
[  5] 465.00-466.00 sec  59.6 MBytes   500 Mbits/sec  46365  
[  5] 466.00-467.00 sec  59.6 MBytes   500 Mbits/sec  46365  
[  5] 467.00-468.00 sec  59.6 MBytes   500 Mbits/sec  46365  
[  5] 468.00-469.00 sec  59.6 MBytes   500 Mbits/sec  46365  
[  5] 469.00-470.00 sec  59.6 MBytes   500 Mbits/sec  46365  
[  5] 470.00-471.00 sec  59.6 MBytes   500 Mbits/sec  46366  
[  5] 471.00-472.00 sec  59.6 MBytes   500 Mbits/sec  46364  
[  5] 472.00-473.00 sec  59.6 MBytes   500 Mbits/sec  46365  
[  5] 473.00-474.00 sec  59.6 MBytes   500 Mbits/sec  46367  
[  5] 474.00-475.00 sec  59.6 MBytes   500 Mbits/sec  46365  
[  5] 475.00-476.00 sec  59.6 MBytes   500 Mbits/sec  46363  
[  5] 476.00-477.00 sec  59.6 MBytes   500 Mbits/sec  46365  
[  5] 477.00-478.00 sec  59.6 MBytes   500 Mbits/sec  46367  
[  5] 478.00-479.00 sec  59.6 MBytes   500 Mbits/sec  46363  
[  5] 479.00-480.00 sec  59.6 MBytes   500 Mbits/sec  46365  
[  5] 480.00-481.00 sec  59.6 MBytes   500 Mbits/sec  46365  
[  5] 481.00-482.00 sec  59.6 MBytes   500 Mbits/sec  46365  
[  5] 482.00-483.00 sec  59.6 MBytes   500 Mbits/sec  46365  
[  5] 483.00-484.00 sec  59.6 MBytes   500 Mbits/sec  46367  
[  5] 484.00-485.00 sec  59.6 MBytes   500 Mbits/sec  46363  
[  5] 485.00-486.00 sec  59.6 MBytes   500 Mbits/sec  46365  
[  5] 486.00-487.00 sec  59.6 MBytes   500 Mbits/sec  46365  
[  5] 487.00-488.00 sec  59.6 MBytes   500 Mbits/sec  46365  
[  5] 488.00-489.00 sec  59.6 MBytes   500 Mbits/sec  46365  
[  5] 489.00-490.00 sec  59.6 MBytes   500 Mbits/sec  46365  
[  5] 490.00-491.00 sec  59.6 MBytes   500 Mbits/sec  46365  
[  5] 491.00-492.00 sec  59.6 MBytes   500 Mbits/sec  46365  
[  5] 492.00-493.00 sec  59.6 MBytes   500 Mbits/sec  46365  
[  5] 493.00-494.00 sec  59.6 MBytes   500 Mbits/sec  46365  
[  5] 494.00-495.00 sec  59.6 MBytes   500 Mbits/sec  46365  
[  5] 495.00-496.00 sec  59.6 MBytes   500 Mbits/sec  46365  
[  5] 496.00-497.00 sec  59.6 MBytes   500 Mbits/sec  46365  
[  5] 497.00-498.00 sec  59.6 MBytes   500 Mbits/sec  46365  
[  5] 498.00-499.00 sec  59.6 MBytes   500 Mbits/sec  46365  
[  5] 499.00-500.00 sec  59.6 MBytes   500 Mbits/sec  46365  
[  5] 500.00-501.00 sec  59.6 MBytes   500 Mbits/sec  46365  
[  5] 501.00-502.00 sec  59.6 MBytes   500 Mbits/sec  46365  
[  5] 502.00-503.00 sec  59.6 MBytes   500 Mbits/sec  46365  
[  5] 503.00-504.00 sec  59.6 MBytes   500 Mbits/sec  46365  
[  5] 504.00-505.00 sec  59.6 MBytes   500 Mbits/sec  46365  
[  5] 505.00-506.00 sec  59.6 MBytes   500 Mbits/sec  46364  
[  5] 506.00-507.00 sec  59.6 MBytes   500 Mbits/sec  46366  
[  5] 507.00-508.00 sec  59.6 MBytes   500 Mbits/sec  46365  
[  5] 508.00-509.00 sec  59.6 MBytes   500 Mbits/sec  46364  
[  5] 509.00-510.00 sec  59.6 MBytes   500 Mbits/sec  46365  
[  5] 510.00-511.00 sec  59.6 MBytes   500 Mbits/sec  46367  
[  5] 511.00-512.00 sec  59.6 MBytes   500 Mbits/sec  46363  
[  5] 512.00-513.00 sec  59.6 MBytes   500 Mbits/sec  46366  
[  5] 513.00-514.00 sec  59.6 MBytes   500 Mbits/sec  46364  
[  5] 514.00-515.00 sec  59.6 MBytes   500 Mbits/sec  46365  
[  5] 515.00-516.00 sec  59.6 MBytes   500 Mbits/sec  46365  
[  5] 516.00-517.00 sec  59.6 MBytes   500 Mbits/sec  46365  
[  5] 517.00-518.00 sec  59.6 MBytes   500 Mbits/sec  46365  
[  5] 518.00-519.00 sec  59.6 MBytes   500 Mbits/sec  46365  
[  5] 519.00-520.00 sec  59.6 MBytes   500 Mbits/sec  46365  
[  5] 520.00-521.00 sec  59.6 MBytes   500 Mbits/sec  46365  
[  5] 521.00-522.00 sec  59.6 MBytes   500 Mbits/sec  46365  
[  5] 522.00-523.00 sec  59.6 MBytes   500 Mbits/sec  46368  
[  5] 523.00-524.00 sec  59.6 MBytes   500 Mbits/sec  46362  
[  5] 524.00-525.00 sec  59.6 MBytes   500 Mbits/sec  46365  
[  5] 525.00-526.00 sec  59.6 MBytes   500 Mbits/sec  46365  
[  5] 526.00-527.00 sec  59.6 MBytes   500 Mbits/sec  46365  
[  5] 527.00-528.00 sec  59.6 MBytes   500 Mbits/sec  46365  
[  5] 528.00-529.00 sec  59.6 MBytes   500 Mbits/sec  46365  
[  5] 529.00-530.00 sec  59.6 MBytes   500 Mbits/sec  46365  
[  5] 530.00-531.00 sec  59.6 MBytes   500 Mbits/sec  46365  
[  5] 531.00-532.00 sec  59.6 MBytes   500 Mbits/sec  46365  
[  5] 532.00-533.00 sec  59.6 MBytes   500 Mbits/sec  46365  
[  5] 533.00-534.00 sec  59.6 MBytes   500 Mbits/sec  46365  
[  5] 534.00-535.00 sec  59.6 MBytes   500 Mbits/sec  46365  
[  5] 535.00-536.00 sec  59.6 MBytes   500 Mbits/sec  46365  
[  5] 536.00-537.00 sec  59.6 MBytes   500 Mbits/sec  46365  
[  5] 537.00-538.00 sec  59.6 MBytes   500 Mbits/sec  46365  
[  5] 538.00-539.00 sec  59.6 MBytes   500 Mbits/sec  46365  
[  5] 539.00-540.00 sec  59.6 MBytes   500 Mbits/sec  46365  
[  5] 540.00-541.00 sec  59.6 MBytes   500 Mbits/sec  46365  
[  5] 541.00-542.00 sec  59.6 MBytes   500 Mbits/sec  46365  
[  5] 542.00-543.00 sec  59.6 MBytes   500 Mbits/sec  46365  
[  5] 543.00-544.00 sec  59.6 MBytes   500 Mbits/sec  46365  
[  5] 544.00-545.00 sec  59.6 MBytes   500 Mbits/sec  46365  
[  5] 545.00-546.00 sec  59.6 MBytes   500 Mbits/sec  46365  
[  5] 546.00-547.00 sec  59.6 MBytes   500 Mbits/sec  46365  
[  5] 547.00-548.00 sec  59.6 MBytes   500 Mbits/sec  46365  
[  5] 548.00-549.00 sec  59.6 MBytes   500 Mbits/sec  46365  
[  5] 549.00-550.00 sec  59.6 MBytes   500 Mbits/sec  46365  
[  5] 550.00-551.00 sec  59.6 MBytes   500 Mbits/sec  46365  
[  5] 551.00-552.00 sec  59.6 MBytes   500 Mbits/sec  46365  
[  5] 552.00-553.00 sec  59.6 MBytes   500 Mbits/sec  46365  
[  5] 553.00-554.00 sec  59.6 MBytes   500 Mbits/sec  46365  
[  5] 554.00-555.00 sec  59.6 MBytes   500 Mbits/sec  46365  
[  5] 555.00-556.00 sec  59.6 MBytes   500 Mbits/sec  46365  
[  5] 556.00-557.00 sec  59.6 MBytes   500 Mbits/sec  46365  
[  5] 557.00-558.00 sec  59.6 MBytes   500 Mbits/sec  46365  
[  5] 558.00-559.00 sec  59.6 MBytes   500 Mbits/sec  46365  
[  5] 559.00-560.00 sec  59.6 MBytes   500 Mbits/sec  46365  
[  5] 560.00-561.00 sec  59.6 MBytes   500 Mbits/sec  46365  
[  5] 561.00-562.00 sec  59.6 MBytes   500 Mbits/sec  46364  
[  5] 562.00-563.00 sec  59.6 MBytes   500 Mbits/sec  46366  
[  5] 563.00-564.00 sec  59.6 MBytes   500 Mbits/sec  46365  
[  5] 564.00-565.00 sec  59.6 MBytes   500 Mbits/sec  46365  
[  5] 565.00-566.00 sec  59.6 MBytes   500 Mbits/sec  46365  
[  5] 566.00-567.00 sec  59.6 MBytes   500 Mbits/sec  46365  
[  5] 567.00-568.00 sec  59.6 MBytes   500 Mbits/sec  46365  
[  5] 568.00-569.00 sec  59.6 MBytes   500 Mbits/sec  46365  
[  5] 569.00-570.00 sec  59.6 MBytes   500 Mbits/sec  46365  
[  5] 570.00-571.00 sec  59.6 MBytes   500 Mbits/sec  46365  
[  5] 571.00-572.00 sec  59.6 MBytes   500 Mbits/sec  46365  
[  5] 572.00-573.00 sec  59.6 MBytes   500 Mbits/sec  46365  
[  5] 573.00-574.00 sec  59.6 MBytes   500 Mbits/sec  46365  
[  5] 574.00-575.00 sec  59.6 MBytes   500 Mbits/sec  46364  
[  5] 575.00-576.00 sec  59.6 MBytes   500 Mbits/sec  46365  
[  5] 576.00-577.00 sec  59.6 MBytes   500 Mbits/sec  46365  
[  5] 577.00-578.00 sec  59.6 MBytes   500 Mbits/sec  46366  
[  5] 578.00-579.00 sec  59.6 MBytes   500 Mbits/sec  46364  
[  5] 579.00-580.00 sec  59.6 MBytes   500 Mbits/sec  46366  
[  5] 580.00-581.00 sec  59.6 MBytes   500 Mbits/sec  46364  
[  5] 581.00-582.00 sec  59.6 MBytes   500 Mbits/sec  46365  
[  5] 582.00-583.00 sec  59.6 MBytes   500 Mbits/sec  46366  
[  5] 583.00-584.00 sec  59.6 MBytes   500 Mbits/sec  46364  
[  5] 584.00-585.00 sec  59.6 MBytes   500 Mbits/sec  46366  
[  5] 585.00-586.00 sec  59.6 MBytes   500 Mbits/sec  46364  
[  5] 586.00-587.00 sec  59.6 MBytes   500 Mbits/sec  46365  
[  5] 587.00-588.00 sec  59.6 MBytes   500 Mbits/sec  46365  
[  5] 588.00-589.00 sec  59.6 MBytes   500 Mbits/sec  46365  
[  5] 589.00-590.00 sec  59.6 MBytes   500 Mbits/sec  46366  
[  5] 590.00-591.00 sec  59.6 MBytes   500 Mbits/sec  46366  
[  5] 591.00-592.00 sec  59.6 MBytes   500 Mbits/sec  46363  
[  5] 592.00-593.00 sec  59.6 MBytes   500 Mbits/sec  46365  
[  5] 593.00-594.00 sec  59.6 MBytes   500 Mbits/sec  46365  
[  5] 594.00-595.00 sec  59.6 MBytes   500 Mbits/sec  46365  
[  5] 595.00-596.00 sec  59.6 MBytes   500 Mbits/sec  46365  
[  5] 596.00-597.00 sec  59.6 MBytes   500 Mbits/sec  46365  
[  5] 597.00-598.00 sec  59.6 MBytes   500 Mbits/sec  46365  
[  5] 598.00-599.00 sec  59.6 MBytes   500 Mbits/sec  46365  
[  5] 599.00-600.00 sec  59.6 MBytes   500 Mbits/sec  46365  
[  5] 600.00-601.00 sec  59.6 MBytes   500 Mbits/sec  46365  
[  5] 601.00-602.00 sec  59.6 MBytes   500 Mbits/sec  46365  
[  5] 602.00-603.00 sec  59.6 MBytes   500 Mbits/sec  46365  
[  5] 603.00-604.00 sec  59.6 MBytes   500 Mbits/sec  46365  
[  5] 604.00-605.00 sec  59.6 MBytes   500 Mbits/sec  46365  
[  5] 605.00-606.00 sec  59.6 MBytes   500 Mbits/sec  46365  
[  5] 606.00-607.00 sec  59.6 MBytes   500 Mbits/sec  46365  
[  5] 607.00-608.00 sec  59.6 MBytes   500 Mbits/sec  46365  
[  5] 608.00-609.00 sec  59.6 MBytes   500 Mbits/sec  46365  
[  5] 609.00-610.00 sec  59.6 MBytes   500 Mbits/sec  46365  
[  5] 610.00-611.00 sec  59.6 MBytes   500 Mbits/sec  46365  
[  5] 611.00-612.00 sec  59.6 MBytes   500 Mbits/sec  46365  
[  5] 612.00-613.00 sec  59.6 MBytes   500 Mbits/sec  46365  
[  5] 613.00-614.00 sec  59.6 MBytes   500 Mbits/sec  46367  
[  5] 614.00-615.00 sec  59.6 MBytes   500 Mbits/sec  46363  
[  5] 615.00-616.00 sec  59.6 MBytes   500 Mbits/sec  46365  
[  5] 616.00-617.00 sec  59.6 MBytes   500 Mbits/sec  46365  
[  5] 617.00-618.00 sec  59.6 MBytes   500 Mbits/sec  46365  
[  5] 618.00-619.00 sec  59.6 MBytes   500 Mbits/sec  46365  
[  5] 619.00-620.00 sec  59.6 MBytes   500 Mbits/sec  46365  
[  5] 620.00-621.00 sec  59.6 MBytes   500 Mbits/sec  46365  
[  5] 621.00-622.00 sec  59.6 MBytes   500 Mbits/sec  46365  
[  5] 622.00-623.00 sec  59.6 MBytes   500 Mbits/sec  46365  
[  5] 623.00-624.00 sec  59.6 MBytes   500 Mbits/sec  46365  
[  5] 624.00-625.00 sec  59.6 MBytes   500 Mbits/sec  46365  
[  5] 625.00-626.00 sec  59.6 MBytes   500 Mbits/sec  46365  
[  5] 626.00-627.00 sec  59.6 MBytes   500 Mbits/sec  46365  
[  5] 627.00-628.00 sec  59.6 MBytes   500 Mbits/sec  46365  
[  5] 628.00-629.00 sec  59.6 MBytes   500 Mbits/sec  46365  
[  5] 629.00-630.00 sec  59.6 MBytes   500 Mbits/sec  46365  
[  5] 630.00-631.00 sec  59.6 MBytes   500 Mbits/sec  46365  
[  5] 631.00-632.00 sec  59.6 MBytes   500 Mbits/sec  46365  
[  5] 632.00-633.00 sec  59.6 MBytes   500 Mbits/sec  46365  
[  5] 633.00-634.00 sec  59.6 MBytes   500 Mbits/sec  46365  
[  5] 634.00-635.00 sec  59.6 MBytes   500 Mbits/sec  46365  
[  5] 635.00-636.00 sec  59.6 MBytes   500 Mbits/sec  46365  
[  5] 636.00-637.00 sec  59.6 MBytes   500 Mbits/sec  46365  
[  5] 637.00-638.00 sec  59.6 MBytes   500 Mbits/sec  46364  
[  5] 638.00-639.00 sec  59.6 MBytes   500 Mbits/sec  46366  
[  5] 639.00-640.00 sec  59.6 MBytes   500 Mbits/sec  46365  
[  5] 640.00-641.00 sec  59.6 MBytes   500 Mbits/sec  46365  
[  5] 641.00-642.00 sec  59.6 MBytes   500 Mbits/sec  46365  
[  5] 642.00-643.00 sec  59.6 MBytes   500 Mbits/sec  46364  
[  5] 643.00-644.00 sec  59.6 MBytes   500 Mbits/sec  46365  
[  5] 644.00-645.00 sec  59.6 MBytes   500 Mbits/sec  46365  
[  5] 645.00-646.00 sec  59.6 MBytes   500 Mbits/sec  46366  
[  5] 646.00-647.00 sec  59.6 MBytes   500 Mbits/sec  46365  
[  5] 647.00-648.00 sec  59.6 MBytes   500 Mbits/sec  46364  
[  5] 648.00-649.00 sec  59.6 MBytes   500 Mbits/sec  46365  
[  5] 649.00-650.00 sec  59.6 MBytes   500 Mbits/sec  46366  
[  5] 650.00-651.00 sec  59.6 MBytes   500 Mbits/sec  46364  
[  5] 651.00-652.00 sec  59.6 MBytes   500 Mbits/sec  46365  
[  5] 652.00-653.00 sec  59.6 MBytes   500 Mbits/sec  46365  
[  5] 653.00-654.00 sec  59.6 MBytes   500 Mbits/sec  46365  
[  5] 654.00-655.00 sec  59.6 MBytes   500 Mbits/sec  46365  
[  5] 655.00-656.00 sec  59.6 MBytes   500 Mbits/sec  46365  
[  5] 656.00-657.00 sec  59.6 MBytes   500 Mbits/sec  46365  
[  5] 657.00-658.00 sec  59.6 MBytes   500 Mbits/sec  46365  
[  5] 658.00-659.00 sec  59.6 MBytes   500 Mbits/sec  46367  
[  5] 659.00-660.00 sec  59.6 MBytes   500 Mbits/sec  46363  
[  5] 660.00-661.00 sec  59.6 MBytes   500 Mbits/sec  46365  
[  5] 661.00-662.00 sec  59.6 MBytes   500 Mbits/sec  46366  
[  5] 662.00-663.00 sec  59.6 MBytes   500 Mbits/sec  46364  
[  5] 663.00-664.00 sec  59.6 MBytes   500 Mbits/sec  46365  
[  5] 664.00-665.00 sec  59.6 MBytes   500 Mbits/sec  46365  
[  5] 665.00-666.00 sec  59.6 MBytes   500 Mbits/sec  46365  
[  5] 666.00-667.00 sec  59.6 MBytes   500 Mbits/sec  46365  
[  5] 667.00-668.00 sec  59.6 MBytes   500 Mbits/sec  46365  
[  5] 668.00-669.00 sec  59.6 MBytes   500 Mbits/sec  46365  
[  5] 669.00-670.00 sec  59.6 MBytes   500 Mbits/sec  46365  
[  5] 670.00-671.00 sec  59.6 MBytes   500 Mbits/sec  46365  
[  5] 671.00-672.00 sec  59.6 MBytes   500 Mbits/sec  46365  
[  5] 672.00-673.00 sec  59.6 MBytes   500 Mbits/sec  46365  
[  5] 673.00-674.00 sec  59.6 MBytes   500 Mbits/sec  46365  
[  5] 674.00-675.00 sec  59.6 MBytes   500 Mbits/sec  46365  
[  5] 675.00-676.00 sec  59.6 MBytes   500 Mbits/sec  46365  
[  5] 676.00-677.00 sec  59.6 MBytes   500 Mbits/sec  46365  
[  5] 677.00-678.00 sec  59.6 MBytes   500 Mbits/sec  46365  
[  5] 678.00-679.00 sec  59.6 MBytes   500 Mbits/sec  46365  
[  5] 679.00-680.00 sec  59.6 MBytes   500 Mbits/sec  46365  
[  5] 680.00-681.00 sec  59.6 MBytes   500 Mbits/sec  46365  
[  5] 681.00-682.00 sec  59.6 MBytes   500 Mbits/sec  46365  
[  5] 682.00-683.00 sec  59.6 MBytes   500 Mbits/sec  46365  
[  5] 683.00-684.00 sec  59.6 MBytes   500 Mbits/sec  46365  
[  5] 684.00-685.00 sec  59.6 MBytes   500 Mbits/sec  46365  
[  5] 685.00-686.00 sec  59.6 MBytes   500 Mbits/sec  46365  
[  5] 686.00-687.00 sec  59.6 MBytes   500 Mbits/sec  46365  
[  5] 687.00-688.00 sec  59.6 MBytes   500 Mbits/sec  46365  
[  5] 688.00-689.00 sec  59.6 MBytes   500 Mbits/sec  46365  
[  5] 689.00-690.00 sec  59.6 MBytes   500 Mbits/sec  46365  
[  5] 690.00-691.00 sec  59.6 MBytes   500 Mbits/sec  46365  
[  5] 691.00-692.00 sec  59.6 MBytes   500 Mbits/sec  46365  
[  5] 692.00-693.00 sec  59.6 MBytes   500 Mbits/sec  46365  
[  5] 693.00-694.00 sec  59.6 MBytes   500 Mbits/sec  46365  
[  5] 694.00-695.00 sec  59.6 MBytes   500 Mbits/sec  46365  
[  5] 695.00-696.00 sec  59.6 MBytes   500 Mbits/sec  46365  
[  5] 696.00-697.00 sec  59.6 MBytes   500 Mbits/sec  46365  
[  5] 697.00-698.00 sec  59.6 MBytes   500 Mbits/sec  46365  
[  5] 698.00-699.00 sec  59.6 MBytes   500 Mbits/sec  46365  
[  5] 699.00-700.00 sec  59.6 MBytes   500 Mbits/sec  46365  
[  5] 700.00-701.00 sec  59.6 MBytes   500 Mbits/sec  46365  
[  5] 701.00-702.00 sec  59.6 MBytes   500 Mbits/sec  46365  
[  5] 702.00-703.00 sec  59.6 MBytes   500 Mbits/sec  46368  
[  5] 703.00-704.00 sec  59.6 MBytes   500 Mbits/sec  46361  
[  5] 704.00-705.00 sec  59.6 MBytes   500 Mbits/sec  46366  
[  5] 705.00-706.00 sec  59.6 MBytes   500 Mbits/sec  46365  
[  5] 706.00-707.00 sec  59.6 MBytes   500 Mbits/sec  46364  
[  5] 707.00-708.00 sec  59.6 MBytes   500 Mbits/sec  46366  
[  5] 708.00-709.00 sec  59.6 MBytes   500 Mbits/sec  46364  
[  5] 709.00-710.00 sec  59.6 MBytes   500 Mbits/sec  46366  
[  5] 710.00-711.00 sec  59.6 MBytes   500 Mbits/sec  46364  
[  5] 711.00-712.00 sec  59.6 MBytes   500 Mbits/sec  46366  
[  5] 712.00-713.00 sec  59.6 MBytes   500 Mbits/sec  46364  
[  5] 713.00-714.00 sec  59.6 MBytes   500 Mbits/sec  46365  
[  5] 714.00-715.00 sec  59.6 MBytes   500 Mbits/sec  46365  
[  5] 715.00-716.00 sec  59.6 MBytes   500 Mbits/sec  46365  
[  5] 716.00-717.00 sec  59.6 MBytes   500 Mbits/sec  46365  
[  5] 717.00-718.00 sec  59.6 MBytes   500 Mbits/sec  46365  
[  5] 718.00-719.00 sec  59.6 MBytes   500 Mbits/sec  46365  
[  5] 719.00-720.00 sec  59.6 MBytes   500 Mbits/sec  46365  
[  5] 720.00-721.00 sec  59.6 MBytes   500 Mbits/sec  46365  
[  5] 721.00-722.00 sec  59.6 MBytes   500 Mbits/sec  46365  
[  5] 722.00-723.00 sec  59.6 MBytes   500 Mbits/sec  46365  
[  5] 723.00-724.00 sec  59.6 MBytes   500 Mbits/sec  46365  
[  5] 724.00-725.00 sec  59.6 MBytes   500 Mbits/sec  46365  
[  5] 725.00-726.00 sec  59.6 MBytes   500 Mbits/sec  46365  
[  5] 726.00-727.00 sec  59.6 MBytes   500 Mbits/sec  46365  
[  5] 727.00-728.00 sec  59.6 MBytes   500 Mbits/sec  46365  
[  5] 728.00-729.00 sec  59.6 MBytes   500 Mbits/sec  46365  
[  5] 729.00-730.00 sec  59.6 MBytes   500 Mbits/sec  46365  
[  5] 730.00-731.00 sec  59.6 MBytes   500 Mbits/sec  46365  
[  5] 731.00-732.00 sec  59.6 MBytes   500 Mbits/sec  46365  
[  5] 732.00-733.00 sec  59.6 MBytes   500 Mbits/sec  46365  
[  5] 733.00-734.00 sec  59.6 MBytes   500 Mbits/sec  46365  
[  5] 734.00-735.00 sec  59.6 MBytes   500 Mbits/sec  46365  
[  5] 735.00-736.00 sec  59.6 MBytes   500 Mbits/sec  46365  
[  5] 736.00-737.00 sec  59.6 MBytes   500 Mbits/sec  46365  
[  5] 737.00-738.00 sec  59.6 MBytes   500 Mbits/sec  46365  
[  5] 738.00-739.00 sec  59.6 MBytes   500 Mbits/sec  46365  
[  5] 739.00-740.00 sec  59.6 MBytes   500 Mbits/sec  46365  
[  5] 740.00-741.00 sec  59.6 MBytes   500 Mbits/sec  46365  
[  5] 741.00-742.00 sec  59.6 MBytes   500 Mbits/sec  46365  
[  5] 742.00-743.00 sec  59.6 MBytes   500 Mbits/sec  46365  
[  5] 743.00-744.00 sec  59.6 MBytes   500 Mbits/sec  46365  
[  5] 744.00-745.00 sec  59.6 MBytes   500 Mbits/sec  46365  
[  5] 745.00-746.00 sec  59.6 MBytes   500 Mbits/sec  46365  
[  5] 746.00-747.00 sec  59.6 MBytes   500 Mbits/sec  46365  
[  5] 747.00-748.00 sec  59.6 MBytes   500 Mbits/sec  46365  
[  5] 748.00-749.00 sec  59.6 MBytes   500 Mbits/sec  46365  
[  5] 749.00-750.00 sec  59.6 MBytes   500 Mbits/sec  46365  
[  5] 750.00-751.00 sec  59.6 MBytes   500 Mbits/sec  46365  
[  5] 751.00-752.00 sec  59.6 MBytes   500 Mbits/sec  46365  
[  5] 752.00-753.00 sec  59.6 MBytes   500 Mbits/sec  46365  
[  5] 753.00-754.00 sec  59.6 MBytes   500 Mbits/sec  46365  
[  5] 754.00-755.00 sec  59.6 MBytes   500 Mbits/sec  46365  
[  5] 755.00-756.00 sec  59.6 MBytes   500 Mbits/sec  46365  
[  5] 756.00-757.00 sec  59.6 MBytes   500 Mbits/sec  46365  
[  5] 757.00-758.00 sec  59.6 MBytes   500 Mbits/sec  46365  
[  5] 758.00-759.00 sec  59.6 MBytes   500 Mbits/sec  46365  
[  5] 759.00-760.00 sec  59.6 MBytes   500 Mbits/sec  46365  
[  5] 760.00-761.00 sec  59.6 MBytes   500 Mbits/sec  46365  
[  5] 761.00-762.00 sec  59.6 MBytes   500 Mbits/sec  46365  
[  5] 762.00-763.00 sec  59.6 MBytes   500 Mbits/sec  46365  
[  5] 763.00-764.00 sec  59.6 MBytes   500 Mbits/sec  46365  
[  5] 764.00-765.00 sec  59.6 MBytes   500 Mbits/sec  46365  
[  5] 765.00-766.00 sec  59.6 MBytes   500 Mbits/sec  46365  
[  5] 766.00-767.00 sec  59.6 MBytes   500 Mbits/sec  46365  
[  5] 767.00-768.00 sec  59.6 MBytes   500 Mbits/sec  46365  
[  5] 768.00-769.00 sec  59.6 MBytes   500 Mbits/sec  46365  
[  5] 769.00-770.00 sec  59.6 MBytes   500 Mbits/sec  46365  
[  5] 770.00-771.00 sec  59.6 MBytes   500 Mbits/sec  46365  
[  5] 771.00-772.00 sec  59.6 MBytes   500 Mbits/sec  46365  
[  5] 772.00-773.00 sec  59.6 MBytes   500 Mbits/sec  46364  
[  5] 773.00-774.00 sec  59.6 MBytes   500 Mbits/sec  46366  
[  5] 774.00-775.00 sec  59.6 MBytes   500 Mbits/sec  46365  
[  5] 775.00-776.00 sec  59.6 MBytes   500 Mbits/sec  46364  
[  5] 776.00-777.00 sec  59.6 MBytes   500 Mbits/sec  46365  
[  5] 777.00-778.00 sec  59.6 MBytes   500 Mbits/sec  46365  
[  5] 778.00-779.00 sec  59.6 MBytes   500 Mbits/sec  46365  
[  5] 779.00-780.00 sec  59.6 MBytes   500 Mbits/sec  46366  
[  5] 780.00-781.00 sec  59.6 MBytes   500 Mbits/sec  46364  
[  5] 781.00-782.00 sec  59.6 MBytes   500 Mbits/sec  46365  
[  5] 782.00-783.00 sec  59.6 MBytes   500 Mbits/sec  46366  
[  5] 783.00-784.00 sec  59.6 MBytes   500 Mbits/sec  46364  
[  5] 784.00-785.00 sec  59.6 MBytes   500 Mbits/sec  46365  
[  5] 785.00-786.00 sec  59.6 MBytes   500 Mbits/sec  46365  
[  5] 786.00-787.00 sec  59.6 MBytes   500 Mbits/sec  46365  
[  5] 787.00-788.00 sec  59.6 MBytes   500 Mbits/sec  46365  
[  5] 788.00-789.00 sec  59.6 MBytes   500 Mbits/sec  46367  
[  5] 789.00-790.00 sec  59.6 MBytes   500 Mbits/sec  46363  
[  5] 790.00-791.00 sec  59.6 MBytes   500 Mbits/sec  46367  
[  5] 791.00-792.00 sec  59.6 MBytes   500 Mbits/sec  46363  
[  5] 792.00-793.00 sec  59.6 MBytes   500 Mbits/sec  46365  
[  5] 793.00-794.00 sec  59.6 MBytes   500 Mbits/sec  46365  
[  5] 794.00-795.00 sec  59.6 MBytes   500 Mbits/sec  46365  
[  5] 795.00-796.00 sec  59.6 MBytes   500 Mbits/sec  46365  
[  5] 796.00-797.00 sec  59.6 MBytes   500 Mbits/sec  46365  
[  5] 797.00-798.00 sec  59.6 MBytes   500 Mbits/sec  46365  
[  5] 798.00-799.00 sec  59.6 MBytes   500 Mbits/sec  46365  
[  5] 799.00-800.00 sec  59.6 MBytes   500 Mbits/sec  46365  
[  5] 800.00-801.00 sec  59.6 MBytes   500 Mbits/sec  46365  
[  5] 801.00-802.00 sec  59.6 MBytes   500 Mbits/sec  46365  
[  5] 802.00-803.00 sec  59.6 MBytes   500 Mbits/sec  46365  
[  5] 803.00-804.00 sec  59.6 MBytes   500 Mbits/sec  46365  
[  5] 804.00-805.00 sec  59.6 MBytes   500 Mbits/sec  46365  
[  5] 805.00-806.00 sec  59.6 MBytes   500 Mbits/sec  46365  
[  5] 806.00-807.00 sec  59.6 MBytes   500 Mbits/sec  46365  
[  5] 807.00-808.00 sec  59.6 MBytes   500 Mbits/sec  46365  
[  5] 808.00-809.00 sec  59.6 MBytes   500 Mbits/sec  46365  
[  5] 809.00-810.00 sec  59.6 MBytes   500 Mbits/sec  46365  
[  5] 810.00-811.00 sec  59.6 MBytes   500 Mbits/sec  46365  
[  5] 811.00-812.00 sec  59.6 MBytes   500 Mbits/sec  46365  
[  5] 812.00-813.00 sec  59.6 MBytes   500 Mbits/sec  46367  
[  5] 813.00-814.00 sec  59.6 MBytes   500 Mbits/sec  46363  
[  5] 814.00-815.00 sec  59.6 MBytes   500 Mbits/sec  46365  
[  5] 815.00-816.00 sec  59.6 MBytes   500 Mbits/sec  46365  
[  5] 816.00-817.00 sec  59.6 MBytes   500 Mbits/sec  46365  
[  5] 817.00-818.00 sec  59.6 MBytes   500 Mbits/sec  46365  
[  5] 818.00-819.00 sec  59.6 MBytes   500 Mbits/sec  46365  
[  5] 819.00-820.00 sec  59.6 MBytes   500 Mbits/sec  46365  
[  5] 820.00-821.00 sec  59.6 MBytes   500 Mbits/sec  46365  
[  5] 821.00-822.00 sec  59.6 MBytes   500 Mbits/sec  46365  
[  5] 822.00-823.00 sec  59.6 MBytes   500 Mbits/sec  46365  
[  5] 823.00-824.00 sec  59.6 MBytes   500 Mbits/sec  46365  
[  5] 824.00-825.00 sec  59.6 MBytes   500 Mbits/sec  46365  
[  5] 825.00-826.00 sec  59.6 MBytes   500 Mbits/sec  46365  
[  5] 826.00-827.00 sec  59.6 MBytes   500 Mbits/sec  46367  
[  5] 827.00-828.00 sec  59.6 MBytes   500 Mbits/sec  46363  
[  5] 828.00-829.00 sec  59.6 MBytes   500 Mbits/sec  46365  
[  5] 829.00-830.00 sec  59.6 MBytes   500 Mbits/sec  46365  
[  5] 830.00-831.00 sec  59.6 MBytes   500 Mbits/sec  46365  
[  5] 831.00-832.00 sec  59.6 MBytes   500 Mbits/sec  46364  
[  5] 832.00-833.00 sec  59.6 MBytes   500 Mbits/sec  46366  
[  5] 833.00-834.00 sec  59.6 MBytes   500 Mbits/sec  46365  
[  5] 834.00-835.00 sec  59.6 MBytes   500 Mbits/sec  46365  
[  5] 835.00-836.00 sec  59.6 MBytes   500 Mbits/sec  46365  
[  5] 836.00-837.00 sec  59.6 MBytes   500 Mbits/sec  46364  
[  5] 837.00-838.00 sec  59.6 MBytes   500 Mbits/sec  46365  
[  5] 838.00-839.00 sec  59.6 MBytes   500 Mbits/sec  46365  
[  5] 839.00-840.00 sec  59.6 MBytes   500 Mbits/sec  46366  
[  5] 840.00-841.00 sec  59.6 MBytes   500 Mbits/sec  46365  
[  5] 841.00-842.00 sec  59.6 MBytes   500 Mbits/sec  46364  
[  5] 842.00-843.00 sec  59.6 MBytes   500 Mbits/sec  46365  
[  5] 843.00-844.00 sec  59.6 MBytes   500 Mbits/sec  46365  
[  5] 844.00-845.00 sec  59.6 MBytes   500 Mbits/sec  46365  
[  5] 845.00-846.00 sec  59.6 MBytes   500 Mbits/sec  46365  
[  5] 846.00-847.00 sec  59.6 MBytes   500 Mbits/sec  46365  
[  5] 847.00-848.00 sec  59.6 MBytes   500 Mbits/sec  46365  
[  5] 848.00-849.00 sec  59.6 MBytes   500 Mbits/sec  46365  
[  5] 849.00-850.00 sec  59.6 MBytes   500 Mbits/sec  46365  
[  5] 850.00-851.00 sec  59.6 MBytes   500 Mbits/sec  46365  
[  5] 851.00-852.00 sec  59.6 MBytes   500 Mbits/sec  46365  
[  5] 852.00-853.00 sec  59.6 MBytes   500 Mbits/sec  46365  
[  5] 853.00-854.00 sec  59.6 MBytes   500 Mbits/sec  46365  
[  5] 854.00-855.00 sec  59.6 MBytes   500 Mbits/sec  46365  
[  5] 855.00-856.00 sec  59.6 MBytes   500 Mbits/sec  46365  
[  5] 856.00-857.00 sec  59.6 MBytes   500 Mbits/sec  46365  
[  5] 857.00-858.00 sec  59.6 MBytes   500 Mbits/sec  46365  
[  5] 858.00-859.00 sec  59.6 MBytes   500 Mbits/sec  46365  
[  5] 859.00-860.00 sec  59.6 MBytes   500 Mbits/sec  46365  
[  5] 860.00-861.00 sec  59.6 MBytes   500 Mbits/sec  46365  
[  5] 861.00-862.00 sec  59.6 MBytes   500 Mbits/sec  46365  
[  5] 862.00-863.00 sec  59.6 MBytes   500 Mbits/sec  46365  
[  5] 863.00-864.00 sec  59.6 MBytes   500 Mbits/sec  46365  
[  5] 864.00-865.00 sec  59.6 MBytes   500 Mbits/sec  46365  
[  5] 865.00-866.00 sec  59.6 MBytes   500 Mbits/sec  46365  
[  5] 866.00-867.00 sec  59.6 MBytes   500 Mbits/sec  46365  
[  5] 867.00-868.00 sec  59.6 MBytes   500 Mbits/sec  46365  
[  5] 868.00-869.00 sec  59.6 MBytes   500 Mbits/sec  46365  
[  5] 869.00-870.00 sec  59.6 MBytes   500 Mbits/sec  46365  
[  5] 870.00-871.00 sec  59.6 MBytes   500 Mbits/sec  46365  
[  5] 871.00-872.00 sec  59.6 MBytes   500 Mbits/sec  46365  
[  5] 872.00-873.00 sec  59.6 MBytes   500 Mbits/sec  46365  
[  5] 873.00-874.00 sec  59.6 MBytes   500 Mbits/sec  46367  
[  5] 874.00-875.00 sec  59.6 MBytes   500 Mbits/sec  46363  
[  5] 875.00-876.00 sec  59.6 MBytes   500 Mbits/sec  46367  
[  5] 876.00-877.00 sec  59.6 MBytes   500 Mbits/sec  46363  
[  5] 877.00-878.00 sec  59.6 MBytes   500 Mbits/sec  46365  
[  5] 878.00-879.00 sec  59.6 MBytes   500 Mbits/sec  46365  
[  5] 879.00-880.00 sec  59.6 MBytes   500 Mbits/sec  46365  
[  5] 880.00-881.00 sec  59.6 MBytes   500 Mbits/sec  46365  
[  5] 881.00-882.00 sec  59.6 MBytes   500 Mbits/sec  46365  
[  5] 882.00-883.00 sec  59.6 MBytes   500 Mbits/sec  46365  
[  5] 883.00-884.00 sec  59.6 MBytes   500 Mbits/sec  46365  
[  5] 884.00-885.00 sec  59.6 MBytes   500 Mbits/sec  46365  
[  5] 885.00-886.00 sec  59.6 MBytes   500 Mbits/sec  46365  
[  5] 886.00-887.00 sec  59.6 MBytes   500 Mbits/sec  46365  
[  5] 887.00-888.00 sec  59.6 MBytes   500 Mbits/sec  46365  
[  5] 888.00-889.00 sec  59.6 MBytes   500 Mbits/sec  46365  
[  5] 889.00-890.00 sec  59.6 MBytes   500 Mbits/sec  46367  
[  5] 890.00-891.00 sec  59.6 MBytes   500 Mbits/sec  46363  
[  5] 891.00-892.00 sec  59.6 MBytes   500 Mbits/sec  46365  
[  5] 892.00-893.00 sec  59.6 MBytes   500 Mbits/sec  46365  
[  5] 893.00-894.00 sec  59.6 MBytes   500 Mbits/sec  46365  
[  5] 894.00-895.00 sec  59.6 MBytes   500 Mbits/sec  46365  
[  5] 895.00-896.00 sec  59.6 MBytes   500 Mbits/sec  46365  
[  5] 896.00-897.00 sec  59.6 MBytes   500 Mbits/sec  46365  
[  5] 897.00-898.00 sec  59.6 MBytes   500 Mbits/sec  46365  
[  5] 898.00-899.00 sec  59.6 MBytes   500 Mbits/sec  46365  
[  5] 899.00-900.00 sec  59.6 MBytes   500 Mbits/sec  46365  
[  5] 900.00-901.00 sec  59.6 MBytes   500 Mbits/sec  46365  
[  5] 901.00-902.00 sec  59.6 MBytes   500 Mbits/sec  46367  
[  5] 902.00-903.00 sec  59.6 MBytes   500 Mbits/sec  46363  
[  5] 903.00-904.00 sec  59.6 MBytes   500 Mbits/sec  46364  
[  5] 904.00-905.00 sec  59.6 MBytes   500 Mbits/sec  46365  
[  5] 905.00-906.00 sec  59.6 MBytes   500 Mbits/sec  46366  
[  5] 906.00-907.00 sec  59.6 MBytes   500 Mbits/sec  46367  
[  5] 907.00-908.00 sec  59.6 MBytes   500 Mbits/sec  46362  
[  5] 908.00-909.00 sec  59.6 MBytes   500 Mbits/sec  46365  
[  5] 909.00-910.00 sec  59.6 MBytes   500 Mbits/sec  46366  
[  5] 910.00-911.00 sec  59.6 MBytes   500 Mbits/sec  46365  
[  5] 911.00-912.00 sec  59.6 MBytes   500 Mbits/sec  46366  
[  5] 912.00-913.00 sec  59.6 MBytes   500 Mbits/sec  46363  
[  5] 913.00-914.00 sec  59.6 MBytes   500 Mbits/sec  46365  
[  5] 914.00-915.00 sec  59.6 MBytes   500 Mbits/sec  46365  
[  5] 915.00-916.00 sec  59.6 MBytes   500 Mbits/sec  46365  
[  5] 916.00-917.00 sec  59.6 MBytes   500 Mbits/sec  46366  
[  5] 917.00-918.00 sec  59.6 MBytes   500 Mbits/sec  46364  
[  5] 918.00-919.00 sec  59.6 MBytes   500 Mbits/sec  46365  
[  5] 919.00-920.00 sec  59.6 MBytes   500 Mbits/sec  46366  
[  5] 920.00-921.00 sec  59.6 MBytes   500 Mbits/sec  46364  
[  5] 921.00-922.00 sec  59.6 MBytes   500 Mbits/sec  46365  
[  5] 922.00-923.00 sec  59.6 MBytes   500 Mbits/sec  46365  
[  5] 923.00-924.00 sec  59.6 MBytes   500 Mbits/sec  46365  
[  5] 924.00-925.00 sec  59.6 MBytes   500 Mbits/sec  46365  
[  5] 925.00-926.00 sec  59.6 MBytes   500 Mbits/sec  46366  
[  5] 926.00-927.00 sec  59.6 MBytes   500 Mbits/sec  46364  
[  5] 927.00-928.00 sec  59.6 MBytes   500 Mbits/sec  46365  
[  5] 928.00-929.00 sec  59.6 MBytes   500 Mbits/sec  46365  
[  5] 929.00-930.00 sec  59.6 MBytes   500 Mbits/sec  46365  
[  5] 930.00-931.00 sec  59.6 MBytes   500 Mbits/sec  46365  
[  5] 931.00-932.00 sec  59.6 MBytes   500 Mbits/sec  46365  
[  5] 932.00-933.00 sec  59.6 MBytes   500 Mbits/sec  46365  
[  5] 933.00-934.00 sec  59.6 MBytes   500 Mbits/sec  46365  
[  5] 934.00-935.00 sec  59.6 MBytes   500 Mbits/sec  46365  
[  5] 935.00-936.00 sec  59.6 MBytes   500 Mbits/sec  46365  
[  5] 936.00-937.00 sec  59.6 MBytes   500 Mbits/sec  46366  
[  5] 937.00-938.00 sec  59.6 MBytes   500 Mbits/sec  46364  
[  5] 938.00-939.00 sec  59.6 MBytes   500 Mbits/sec  46365  
[  5] 939.00-940.00 sec  59.6 MBytes   500 Mbits/sec  46365  
[  5] 940.00-941.00 sec  59.6 MBytes   500 Mbits/sec  46365  
[  5] 941.00-942.00 sec  59.6 MBytes   500 Mbits/sec  46365  
[  5] 942.00-943.00 sec  59.6 MBytes   500 Mbits/sec  46365  
[  5] 943.00-944.00 sec  59.6 MBytes   500 Mbits/sec  46365  
[  5] 944.00-945.00 sec  59.6 MBytes   500 Mbits/sec  46365  
[  5] 945.00-946.00 sec  59.6 MBytes   500 Mbits/sec  46365  
[  5] 946.00-947.00 sec  59.6 MBytes   500 Mbits/sec  46365  
[  5] 947.00-948.00 sec  59.6 MBytes   500 Mbits/sec  46365  
[  5] 948.00-949.00 sec  59.6 MBytes   500 Mbits/sec  46365  
[  5] 949.00-950.00 sec  59.6 MBytes   500 Mbits/sec  46365  
[  5] 950.00-951.00 sec  59.6 MBytes   500 Mbits/sec  46365  
[  5] 951.00-952.00 sec  59.6 MBytes   500 Mbits/sec  46365  
[  5] 952.00-953.00 sec  59.6 MBytes   500 Mbits/sec  46365  
[  5] 953.00-954.00 sec  59.6 MBytes   500 Mbits/sec  46365  
[  5] 954.00-955.00 sec  59.6 MBytes   500 Mbits/sec  46365  
[  5] 955.00-956.00 sec  59.6 MBytes   500 Mbits/sec  46365  
[  5] 956.00-957.00 sec  59.6 MBytes   500 Mbits/sec  46365  
[  5] 957.00-958.00 sec  59.6 MBytes   500 Mbits/sec  46366  
[  5] 958.00-959.00 sec  59.6 MBytes   500 Mbits/sec  46364  
[  5] 959.00-960.00 sec  59.6 MBytes   500 Mbits/sec  46365  
[  5] 960.00-961.00 sec  59.6 MBytes   500 Mbits/sec  46365  
[  5] 961.00-962.00 sec  59.6 MBytes   500 Mbits/sec  46365  
[  5] 962.00-963.00 sec  59.6 MBytes   500 Mbits/sec  46364  
[  5] 963.00-964.00 sec  59.6 MBytes   500 Mbits/sec  46366  
[  5] 964.00-965.00 sec  59.6 MBytes   500 Mbits/sec  46365  
[  5] 965.00-966.00 sec  59.6 MBytes   500 Mbits/sec  46365  
[  5] 966.00-967.00 sec  59.6 MBytes   500 Mbits/sec  46365  
[  5] 967.00-968.00 sec  59.6 MBytes   500 Mbits/sec  46365  
[  5] 968.00-969.00 sec  59.6 MBytes   500 Mbits/sec  46365  
[  5] 969.00-970.00 sec  59.6 MBytes   500 Mbits/sec  46365  
[  5] 970.00-971.00 sec  59.6 MBytes   500 Mbits/sec  46365  
[  5] 971.00-972.00 sec  59.6 MBytes   500 Mbits/sec  46364  
[  5] 972.00-973.00 sec  59.6 MBytes   500 Mbits/sec  46366  
[  5] 973.00-974.00 sec  59.6 MBytes   500 Mbits/sec  46365  
[  5] 974.00-975.00 sec  59.6 MBytes   500 Mbits/sec  46365  
[  5] 975.00-976.00 sec  59.6 MBytes   500 Mbits/sec  46364  
[  5] 976.00-977.00 sec  59.6 MBytes   500 Mbits/sec  46366  
[  5] 977.00-978.00 sec  59.6 MBytes   500 Mbits/sec  46364  
[  5] 978.00-979.00 sec  59.6 MBytes   500 Mbits/sec  46366  
[  5] 979.00-980.00 sec  59.6 MBytes   500 Mbits/sec  46364  
[  5] 980.00-981.00 sec  59.6 MBytes   500 Mbits/sec  46365  
[  5] 981.00-982.00 sec  59.6 MBytes   500 Mbits/sec  46365  
[  5] 982.00-983.00 sec  59.6 MBytes   500 Mbits/sec  46365  
[  5] 983.00-984.00 sec  59.6 MBytes   500 Mbits/sec  46365  
[  5] 984.00-985.00 sec  59.6 MBytes   500 Mbits/sec  46365  
[  5] 985.00-986.00 sec  59.6 MBytes   500 Mbits/sec  46365  
[  5] 986.00-987.00 sec  59.6 MBytes   500 Mbits/sec  46365  
[  5] 987.00-988.00 sec  59.6 MBytes   500 Mbits/sec  46365  
[  5] 988.00-989.00 sec  59.6 MBytes   500 Mbits/sec  46365  
[  5] 989.00-990.00 sec  59.6 MBytes   500 Mbits/sec  46365  
[  5] 990.00-991.00 sec  59.6 MBytes   500 Mbits/sec  46365  
[  5] 991.00-992.00 sec  59.6 MBytes   500 Mbits/sec  46365  
[  5] 992.00-993.00 sec  59.6 MBytes   500 Mbits/sec  46365  
[  5] 993.00-994.00 sec  59.6 MBytes   500 Mbits/sec  46365  
[  5] 994.00-995.00 sec  59.6 MBytes   500 Mbits/sec  46365  
[  5] 995.00-996.00 sec  59.6 MBytes   500 Mbits/sec  46365  
[  5] 996.00-997.00 sec  59.6 MBytes   500 Mbits/sec  46365  
[  5] 997.00-998.00 sec  59.6 MBytes   500 Mbits/sec  46365  
[  5] 998.00-999.00 sec  59.6 MBytes   500 Mbits/sec  46365  
[  5] 999.00-1000.00 sec  59.6 MBytes   500 Mbits/sec  46365  
[  5] 1000.00-1001.00 sec  59.6 MBytes   500 Mbits/sec  46365  
[  5] 1001.00-1002.00 sec  59.6 MBytes   500 Mbits/sec  46365  
[  5] 1002.00-1003.00 sec  59.6 MBytes   500 Mbits/sec  46365  
[  5] 1003.00-1004.00 sec  59.6 MBytes   500 Mbits/sec  46365  
[  5] 1004.00-1005.00 sec  59.6 MBytes   500 Mbits/sec  46365  
[  5] 1005.00-1006.00 sec  59.6 MBytes   500 Mbits/sec  46365  
[  5] 1006.00-1007.00 sec  59.6 MBytes   500 Mbits/sec  46365  
[  5] 1007.00-1008.00 sec  59.6 MBytes   500 Mbits/sec  46365  
[  5] 1008.00-1009.00 sec  59.6 MBytes   500 Mbits/sec  46365  
[  5] 1009.00-1010.00 sec  59.6 MBytes   500 Mbits/sec  46365  
[  5] 1010.00-1011.00 sec  59.6 MBytes   500 Mbits/sec  46365  
[  5] 1011.00-1012.00 sec  59.6 MBytes   500 Mbits/sec  46365  
[  5] 1012.00-1013.00 sec  59.6 MBytes   500 Mbits/sec  46365  
[  5] 1013.00-1014.00 sec  59.6 MBytes   500 Mbits/sec  46365  
[  5] 1014.00-1015.00 sec  59.6 MBytes   500 Mbits/sec  46365  
[  5] 1015.00-1016.00 sec  59.6 MBytes   500 Mbits/sec  46365  
[  5] 1016.00-1017.00 sec  59.6 MBytes   500 Mbits/sec  46365  
[  5] 1017.00-1018.00 sec  59.6 MBytes   500 Mbits/sec  46365  
[  5] 1018.00-1019.00 sec  59.6 MBytes   500 Mbits/sec  46365  
[  5] 1019.00-1020.00 sec  59.6 MBytes   500 Mbits/sec  46365  
[  5] 1020.00-1021.00 sec  59.6 MBytes   500 Mbits/sec  46365  
[  5] 1021.00-1022.00 sec  59.6 MBytes   500 Mbits/sec  46365  
[  5] 1022.00-1023.00 sec  59.6 MBytes   500 Mbits/sec  46365  
[  5] 1023.00-1024.00 sec  59.6 MBytes   500 Mbits/sec  46365  
[  5] 1024.00-1025.00 sec  59.6 MBytes   500 Mbits/sec  46365  
[  5] 1025.00-1026.00 sec  59.6 MBytes   500 Mbits/sec  46365  
[  5] 1026.00-1027.00 sec  59.6 MBytes   500 Mbits/sec  46365  
[  5] 1027.00-1028.00 sec  59.6 MBytes   500 Mbits/sec  46365  
[  5] 1028.00-1029.00 sec  59.6 MBytes   500 Mbits/sec  46365  
[  5] 1029.00-1030.00 sec  59.6 MBytes   500 Mbits/sec  46367  
[  5] 1030.00-1031.00 sec  59.6 MBytes   500 Mbits/sec  46363  
[  5] 1031.00-1032.00 sec  59.6 MBytes   500 Mbits/sec  46365  
[  5] 1032.00-1033.00 sec  59.6 MBytes   500 Mbits/sec  46365  
[  5] 1033.00-1034.00 sec  59.6 MBytes   500 Mbits/sec  46365  
[  5] 1034.00-1035.00 sec  59.6 MBytes   500 Mbits/sec  46364  
[  5] 1035.00-1036.00 sec  59.6 MBytes   500 Mbits/sec  46366  
[  5] 1036.00-1037.00 sec  59.6 MBytes   500 Mbits/sec  46365  
[  5] 1037.00-1038.00 sec  59.6 MBytes   500 Mbits/sec  46365  
[  5] 1038.00-1039.00 sec  59.6 MBytes   500 Mbits/sec  46365  
[  5] 1039.00-1040.00 sec  59.6 MBytes   500 Mbits/sec  46365  
[  5] 1040.00-1041.00 sec  59.6 MBytes   500 Mbits/sec  46364  
[  5] 1041.00-1042.00 sec  59.6 MBytes   500 Mbits/sec  46366  
[  5] 1042.00-1043.00 sec  59.6 MBytes   500 Mbits/sec  46364  
[  5] 1043.00-1044.00 sec  59.6 MBytes   500 Mbits/sec  46365  
[  5] 1044.00-1045.00 sec  59.6 MBytes   500 Mbits/sec  46365  
[  5] 1045.00-1046.00 sec  59.6 MBytes   500 Mbits/sec  46365  
[  5] 1046.00-1047.00 sec  59.6 MBytes   500 Mbits/sec  46365  
[  5] 1047.00-1048.00 sec  59.6 MBytes   500 Mbits/sec  46366  
[  5] 1048.00-1049.00 sec  59.6 MBytes   500 Mbits/sec  46364  
[  5] 1049.00-1050.00 sec  59.6 MBytes   500 Mbits/sec  46367  
[  5] 1050.00-1051.00 sec  59.6 MBytes   500 Mbits/sec  46363  
[  5] 1051.00-1052.00 sec  59.6 MBytes   500 Mbits/sec  46368  
[  5] 1052.00-1053.00 sec  59.6 MBytes   500 Mbits/sec  46362  
[  5] 1053.00-1054.00 sec  59.6 MBytes   500 Mbits/sec  46365  
[  5] 1054.00-1055.00 sec  59.6 MBytes   500 Mbits/sec  46365  
[  5] 1055.00-1056.00 sec  59.6 MBytes   500 Mbits/sec  46365  
[  5] 1056.00-1057.00 sec  59.6 MBytes   500 Mbits/sec  46365  
[  5] 1057.00-1058.00 sec  59.6 MBytes   500 Mbits/sec  46366  
[  5] 1058.00-1059.00 sec  59.6 MBytes   500 Mbits/sec  46364  
[  5] 1059.00-1060.00 sec  59.6 MBytes   500 Mbits/sec  46365  
[  5] 1060.00-1061.00 sec  59.6 MBytes   500 Mbits/sec  46365  
[  5] 1061.00-1062.00 sec  59.6 MBytes   500 Mbits/sec  46365  
[  5] 1062.00-1063.00 sec  59.6 MBytes   500 Mbits/sec  46367  
[  5] 1063.00-1064.00 sec  59.6 MBytes   500 Mbits/sec  46363  
[  5] 1064.00-1065.00 sec  59.6 MBytes   500 Mbits/sec  46365  
[  5] 1065.00-1066.00 sec  59.6 MBytes   500 Mbits/sec  46367  
[  5] 1066.00-1067.00 sec  59.6 MBytes   500 Mbits/sec  46365  
[  5] 1067.00-1068.00 sec  59.6 MBytes   500 Mbits/sec  46363  
[  5] 1068.00-1069.00 sec  59.6 MBytes   500 Mbits/sec  46365  
[  5] 1069.00-1070.00 sec  59.6 MBytes   500 Mbits/sec  46365  
[  5] 1070.00-1071.00 sec  59.6 MBytes   500 Mbits/sec  46365  
[  5] 1071.00-1072.00 sec  59.6 MBytes   500 Mbits/sec  46365  
[  5] 1072.00-1073.00 sec  59.6 MBytes   500 Mbits/sec  46365  
[  5] 1073.00-1074.00 sec  59.6 MBytes   500 Mbits/sec  46365  
[  5] 1074.00-1075.00 sec  59.6 MBytes   500 Mbits/sec  46367  
[  5] 1075.00-1076.00 sec  59.6 MBytes   500 Mbits/sec  46363  
[  5] 1076.00-1077.00 sec  59.6 MBytes   500 Mbits/sec  46365  
[  5] 1077.00-1078.00 sec  59.6 MBytes   500 Mbits/sec  46365  
[  5] 1078.00-1079.00 sec  59.6 MBytes   500 Mbits/sec  46365  
[  5] 1079.00-1080.00 sec  59.6 MBytes   500 Mbits/sec  46365  
[  5] 1080.00-1081.00 sec  59.6 MBytes   500 Mbits/sec  46365  
[  5] 1081.00-1082.00 sec  59.6 MBytes   500 Mbits/sec  46365  
[  5] 1082.00-1083.00 sec  59.6 MBytes   500 Mbits/sec  46365  
[  5] 1083.00-1084.00 sec  59.6 MBytes   500 Mbits/sec  46365  
[  5] 1084.00-1085.00 sec  59.6 MBytes   500 Mbits/sec  46365  
[  5] 1085.00-1086.00 sec  59.6 MBytes   500 Mbits/sec  46365  
[  5] 1086.00-1087.00 sec  59.6 MBytes   500 Mbits/sec  46365  
[  5] 1087.00-1088.00 sec  59.6 MBytes   500 Mbits/sec  46366  
[  5] 1088.00-1089.00 sec  59.6 MBytes   500 Mbits/sec  46366  
[  5] 1089.00-1090.00 sec  59.6 MBytes   500 Mbits/sec  46365  
[  5] 1090.00-1091.00 sec  59.6 MBytes   500 Mbits/sec  46364  
[  5] 1091.00-1092.00 sec  59.6 MBytes   500 Mbits/sec  46364  
[  5] 1092.00-1093.00 sec  59.6 MBytes   500 Mbits/sec  46365  
[  5] 1093.00-1094.00 sec  59.6 MBytes   500 Mbits/sec  46365  
[  5] 1094.00-1095.00 sec  59.6 MBytes   500 Mbits/sec  46365  
[  5] 1095.00-1096.00 sec  59.6 MBytes   500 Mbits/sec  46365  
[  5] 1096.00-1097.00 sec  59.6 MBytes   500 Mbits/sec  46365  
[  5] 1097.00-1098.00 sec  59.6 MBytes   500 Mbits/sec  46365  
[  5] 1098.00-1099.00 sec  59.6 MBytes   500 Mbits/sec  46365  
[  5] 1099.00-1100.00 sec  59.6 MBytes   500 Mbits/sec  46365  
[  5] 1100.00-1101.00 sec  59.6 MBytes   500 Mbits/sec  46367  
[  5] 1101.00-1102.00 sec  59.6 MBytes   500 Mbits/sec  46363  
[  5] 1102.00-1103.00 sec  59.6 MBytes   500 Mbits/sec  46364  
[  5] 1103.00-1104.00 sec  59.6 MBytes   500 Mbits/sec  46368  
[  5] 1104.00-1105.00 sec  59.6 MBytes   500 Mbits/sec  46363  
[  5] 1105.00-1106.00 sec  59.6 MBytes   500 Mbits/sec  46367  
[  5] 1106.00-1107.00 sec  59.6 MBytes   500 Mbits/sec  46363  
[  5] 1107.00-1108.00 sec  59.6 MBytes   500 Mbits/sec  46364  
[  5] 1108.00-1109.00 sec  59.6 MBytes   500 Mbits/sec  46368  
[  5] 1109.00-1110.00 sec  59.6 MBytes   500 Mbits/sec  46364  
[  5] 1110.00-1111.00 sec  59.6 MBytes   500 Mbits/sec  46365  
[  5] 1111.00-1112.00 sec  59.6 MBytes   500 Mbits/sec  46364  
[  5] 1112.00-1113.00 sec  59.6 MBytes   500 Mbits/sec  46364  
[  5] 1113.00-1114.00 sec  59.6 MBytes   500 Mbits/sec  46365  
[  5][  5] 1115.00-1290.38 sec  0.00 Bytes  0.00 bits/sec  0  
- - - - - - - - - - - - - - - - - - - - - - - - -
[ ID] Interval           Transfer     Bitrate         Jitter    Lost/Total Datagrams
[  5]   0.00-1290.38 sec  64.9 GBytes   432 Mbits/sec  0.000 ms  0/51696922 (0%)  sender

iperf3: interrupt - the server has terminated

[INFO] iPerf traffic duration: observed=1290.4s, requested=1200s, completion=107.5%
[SUCCESS] End-to-End UE iperf execution completed successfully!

[5/6] Collecting logs from VNF and PNF pods...
   > Writing VNF logs to logs_e2e_20260804_113524/vnf_pod.log...
   > Writing PNF logs to logs_e2e_20260804_113524/pnf_pod.log...
[FINISHED] All steps completed! Logs are saved in directory: logs_e2e_20260804_113524

[6/6] Leaving UE airplane mode unchanged for failure inspection.
